Component: ARM Compiler 5.06 update 5 (build 528) Tool: armlink [4d35e2]

==============================================================================

Section Cross References

    startup_stm32f407xx.o(RESET) refers to startup_stm32f407xx.o(STACK) for __initial_sp
    startup_stm32f407xx.o(RESET) refers to startup_stm32f407xx.o(.text) for Reset_Handler
    startup_stm32f407xx.o(RESET) refers to stm32f4xx_it.o(i.NMI_Handler) for NMI_Handler
    startup_stm32f407xx.o(RESET) refers to stm32f4xx_it.o(i.HardFault_Handler) for HardFault_Handler
    startup_stm32f407xx.o(RESET) refers to stm32f4xx_it.o(i.MemManage_Handler) for MemManage_Handler
    startup_stm32f407xx.o(RESET) refers to stm32f4xx_it.o(i.BusFault_Handler) for BusFault_Handler
    startup_stm32f407xx.o(RESET) refers to stm32f4xx_it.o(i.UsageFault_Handler) for UsageFault_Handler
    startup_stm32f407xx.o(RESET) refers to port.o(.emb_text) for SVC_Handler
    startup_stm32f407xx.o(RESET) refers to stm32f4xx_it.o(i.DebugMon_Handler) for DebugMon_Handler
    startup_stm32f407xx.o(RESET) refers to stm32f4xx_it.o(i.SysTick_Handler) for SysTick_Handler
    startup_stm32f407xx.o(RESET) refers to stm32f4xx_it.o(i.EXTI0_IRQHandler) for EXTI0_IRQHandler
    startup_stm32f407xx.o(RESET) refers to stm32f4xx_it.o(i.EXTI3_IRQHandler) for EXTI3_IRQHandler
    startup_stm32f407xx.o(RESET) refers to stm32f4xx_it.o(i.EXTI4_IRQHandler) for EXTI4_IRQHandler
    startup_stm32f407xx.o(RESET) refers to stm32f4xx_it.o(i.CAN1_RX0_IRQHandler) for CAN1_RX0_IRQHandler
    startup_stm32f407xx.o(RESET) refers to stm32f4xx_it.o(i.CAN1_RX1_IRQHandler) for CAN1_RX1_IRQHandler
    startup_stm32f407xx.o(RESET) refers to stm32f4xx_it.o(i.EXTI9_5_IRQHandler) for EXTI9_5_IRQHandler
    startup_stm32f407xx.o(RESET) refers to stm32f4xx_it.o(i.USART1_IRQHandler) for USART1_IRQHandler
    startup_stm32f407xx.o(RESET) refers to stm32f4xx_it.o(i.DMA2_Stream1_IRQHandler) for DMA2_Stream1_IRQHandler
    startup_stm32f407xx.o(RESET) refers to ins_task.o(i.DMA2_Stream2_IRQHandler) for DMA2_Stream2_IRQHandler
    startup_stm32f407xx.o(RESET) refers to stm32f4xx_it.o(i.CAN2_RX0_IRQHandler) for CAN2_RX0_IRQHandler
    startup_stm32f407xx.o(RESET) refers to stm32f4xx_it.o(i.CAN2_RX1_IRQHandler) for CAN2_RX1_IRQHandler
    startup_stm32f407xx.o(RESET) refers to stm32f4xx_it.o(i.DMA2_Stream5_IRQHandler) for DMA2_Stream5_IRQHandler
    startup_stm32f407xx.o(RESET) refers to stm32f4xx_it.o(i.DMA2_Stream6_IRQHandler) for DMA2_Stream6_IRQHandler
    startup_stm32f407xx.o(RESET) refers to stm32f4xx_it.o(i.DMA2_Stream7_IRQHandler) for DMA2_Stream7_IRQHandler
    startup_stm32f407xx.o(RESET) refers to stm32f4xx_it.o(i.USART6_IRQHandler) for USART6_IRQHandler
    startup_stm32f407xx.o(.text) refers to system_stm32f4xx.o(i.SystemInit) for SystemInit
    startup_stm32f407xx.o(.text) refers to entry.o(.ARM.Collect$$$$00000000) for __main
    main.o(i.SystemClock_Config) refers to memseta.o(.text) for __aeabi_memclr4
    main.o(i.SystemClock_Config) refers to stm32f4xx_hal_rcc.o(i.HAL_RCC_OscConfig) for HAL_RCC_OscConfig
    main.o(i.SystemClock_Config) refers to stm32f4xx_hal_rcc.o(i.HAL_RCC_ClockConfig) for HAL_RCC_ClockConfig
    main.o(i.main) refers to stm32f4xx_hal.o(i.HAL_Init) for HAL_Init
    main.o(i.main) refers to main.o(i.SystemClock_Config) for SystemClock_Config
    main.o(i.main) refers to gpio.o(i.MX_GPIO_Init) for MX_GPIO_Init
    main.o(i.main) refers to dma.o(i.MX_DMA_Init) for MX_DMA_Init
    main.o(i.main) refers to can.o(i.MX_CAN1_Init) for MX_CAN1_Init
    main.o(i.main) refers to can.o(i.MX_CAN2_Init) for MX_CAN2_Init
    main.o(i.main) refers to usart.o(i.MX_USART1_UART_Init) for MX_USART1_UART_Init
    main.o(i.main) refers to usart.o(i.MX_USART6_UART_Init) for MX_USART6_UART_Init
    main.o(i.main) refers to spi.o(i.MX_SPI1_Init) for MX_SPI1_Init
    main.o(i.main) refers to i2c.o(i.MX_I2C3_Init) for MX_I2C3_Init
    main.o(i.main) refers to tim.o(i.MX_TIM10_Init) for MX_TIM10_Init
    main.o(i.main) refers to bsp_can.o(i.CAN_InitArgument) for CAN_InitArgument
    main.o(i.main) refers to freertos.o(i.MX_FREERTOS_Init) for MX_FREERTOS_Init
    main.o(i.main) refers to cmsis_os.o(i.osKernelStart) for osKernelStart
    gpio.o(i.MX_GPIO_Init) refers to memseta.o(.text) for __aeabi_memclr4
    gpio.o(i.MX_GPIO_Init) refers to stm32f4xx_hal_gpio.o(i.HAL_GPIO_WritePin) for HAL_GPIO_WritePin
    gpio.o(i.MX_GPIO_Init) refers to stm32f4xx_hal_gpio.o(i.HAL_GPIO_Init) for HAL_GPIO_Init
    gpio.o(i.MX_GPIO_Init) refers to stm32f4xx_hal_cortex.o(i.HAL_NVIC_SetPriority) for HAL_NVIC_SetPriority
    gpio.o(i.MX_GPIO_Init) refers to stm32f4xx_hal_cortex.o(i.HAL_NVIC_EnableIRQ) for HAL_NVIC_EnableIRQ
    freertos.o(i.IMU_Get_Task03) refers to cmsis_os.o(i.osDelay) for osDelay
    freertos.o(i.MX_FREERTOS_Init) refers to memcpya.o(.text) for __aeabi_memcpy4
    freertos.o(i.MX_FREERTOS_Init) refers to cmsis_os.o(i.osThreadCreate) for osThreadCreate
[...]
    i.prvSearchForNameWithinSingleList       0x08007934   Section        0  tasks.o(i.prvSearchForNameWithinSingleList)
    prvSearchForNameWithinSingleList         0x08007935   Thumb Code   110  tasks.o(i.prvSearchForNameWithinSingleList)
    i.prvTaskExitError                       0x080079a4   Section        0  port.o(i.prvTaskExitError)
    prvTaskExitError                         0x080079a5   Thumb Code    42  port.o(i.prvTaskExitError)
    i.pvPortMalloc                           0x080079d4   Section        0  heap_4.o(i.pvPortMalloc)
    i.pxPortInitialiseStack                  0x08007ab8   Section        0  port.o(i.pxPortInitialiseStack)
    i.sqrtf                                  0x08007ae4   Section        0  sqrtf.o(i.sqrtf)
    i.ulTaskNotifyTake                       0x08007b24   Section        0  tasks.o(i.ulTaskNotifyTake)
    i.unitreeA1_rxtx                         0x08007b8c   Section        0  unitreea1_cmd.o(i.unitreeA1_rxtx)
    i.uxListRemove                           0x08007ed4   Section        0  list.o(i.uxListRemove)
    i.vApplicationGetIdleTaskMemory          0x08007efc   Section        0  freertos.o(i.vApplicationGetIdleTaskMemory)
    i.vListInitialise                        0x08007f10   Section        0  list.o(i.vListInitialise)
    i.vListInitialiseItem                    0x08007f26   Section        0  list.o(i.vListInitialiseItem)
    i.vListInsert                            0x08007f2c   Section        0  list.o(i.vListInsert)
    i.vListInsertEnd                         0x08007f62   Section        0  list.o(i.vListInsertEnd)
    i.vPortEnterCritical                     0x08007f7c   Section        0  port.o(i.vPortEnterCritical)
    i.vPortExitCritical                      0x08007fbc   Section        0  port.o(i.vPortExitCritical)
    i.vPortFree                              0x08007fe8   Section        0  heap_4.o(i.vPortFree)
    i.vPortSetupTimerInterrupt               0x08008044   Section        0  port.o(i.vPortSetupTimerInterrupt)
    i.vPortValidateInterruptPriority         0x08008068   Section        0  port.o(i.vPortValidateInterruptPriority)
    i.vTaskDelay                             0x080080bc   Section        0  tasks.o(i.vTaskDelay)
    i.vTaskNotifyGiveFromISR                 0x0800810c   Section        0  tasks.o(i.vTaskNotifyGiveFromISR)
    i.vTaskStartScheduler                    0x080081c8   Section        0  tasks.o(i.vTaskStartScheduler)
    i.vTaskSuspendAll                        0x08008250   Section        0  tasks.o(i.vTaskSuspendAll)
    i.vTaskSwitchContext                     0x08008260   Section        0  tasks.o(i.vTaskSwitchContext)
    i.xPortStartScheduler                    0x080082c0   Section        0  port.o(i.xPortStartScheduler)
    i.xPortSysTickHandler                    0x080083c4   Section        0  port.o(i.xPortSysTickHandler)
    i.xTaskCreate                            0x080083f0   Section        0  tasks.o(i.xTaskCreate)
    i.xTaskCreateStatic                      0x0800845c   Section        0  tasks.o(i.xTaskCreateStatic)
    i.xTaskGetHandle                         0x080084bc   Section        0  tasks.o(i.xTaskGetHandle)
    i.xTaskGetSchedulerState                 0x08008548   Section        0  tasks.o(i.xTaskGetSchedulerState)
    i.xTaskIncrementTick                     0x08008564   Section        0  tasks.o(i.xTaskIncrementTick)
    i.xTaskResumeAll                         0x08008634   Section        0  tasks.o(i.xTaskResumeAll)
    .constdata                               0x08008700   Section       84  freertos.o(.constdata)
    .constdata                               0x08008754   Section       18  bmi088driver.o(.constdata)
    write_BMI088_ACCEL_self_test_Reg_Data_Error 0x08008754   Data          18  bmi088driver.o(.constdata)
    .constdata                               0x08008766   Section       12  ist8310driver.o(.constdata)
    ist8310_write_reg_data_error             0x08008766   Data          12  ist8310driver.o(.constdata)
    .constdata                               0x08008772   Section        8  stm32f4xx_hal_dma.o(.constdata)
    flagBitshiftOffset                       0x08008772   Data           8  stm32f4xx_hal_dma.o(.constdata)
    .constdata                               0x0800877a   Section       16  system_stm32f4xx.o(.constdata)
    .constdata                               0x0800878a   Section        8  system_stm32f4xx.o(.constdata)
    .constdata                               0x08008794   Section       12  ins_task.o(.constdata)
    imu_temp_PID                             0x08008794   Data          12  ins_task.o(.constdata)
    .conststring                             0x080087a0   Section       40  freertos.o(.conststring)
    .data                                    0x20000000   Section       12  freertos.o(.data)
    .data                                    0x2000000c   Section        4  can.o(.data)
    HAL_RCC_CAN1_CLK_ENABLED                 0x2000000c   Data           4  can.o(.data)
    .data                                    0x20000010   Section       44  bmi088driver.o(.data)
    write_BMI088_accel_reg_data_error        0x20000018   Data          18  bmi088driver.o(.data)
    write_BMI088_gyro_reg_data_error         0x2000002a   Data          18  bmi088driver.o(.data)
    .data                                    0x2000003c   Section        8  bsp_delay.o(.data)
    fac_us                                   0x2000003c   Data           1  bsp_delay.o(.data)
    fac_ms                                   0x20000040   Data           4  bsp_delay.o(.data)
    .data                                    0x20000044   Section       12  stm32f4xx_hal.o(.data)
    .data                                    0x20000050   Section        4  system_stm32f4xx.o(.data)
    .data                                    0x20000054   Section       20  mahonyahrs.o(.data)
    .data                                    0x20000068   Section       60  tasks.o(.data)
    pxDelayedTaskList                        0x2000006c   Data           4  tasks.o(.data)
    pxOverflowDelayedTaskList                0x20000070   Data           4  tasks.o(.data)
    uxDeletedTasksWaitingCleanUp             0x20000074   Data           4  tasks.o(.data)
    uxCurrentNumberOfTasks                   0x20000078   Data           4  tasks.o(.data)
    xTickCount                               0x2000007c   Data           4  tasks.o(.data)
    uxTopReadyPriority                       0x20000080   Data           4  tasks.o(.data)
    xSchedulerRunning                        0x20000084   Data           4  tasks.o(.data)
    uxPendedTicks                            0x20000088   Data           4  tasks.o(.data)
    xYieldPending                            0x2000008c   Data           4  tasks.o(.data)
    xNumOfOverflows                          0x20000090   Data           4  tasks.o(.data)
    uxTaskNumber                             0x20000094   Data           4  tasks.o(.data)
    xNextTaskUnblockTime                     0x20000098   Data           4  tasks.o(.data)
    xIdleTaskHandle                          0x2000009c   Data           4  tasks.o(.data)
    uxSchedulerSuspended                     0x200000a0   Data           4  tasks.o(.data)
    .data                                    0x200000a4   Section       24  heap_4.o(.data)
    pxEnd                                    0x200000a4   Data           4  heap_4.o(.data)
    xFreeBytesRemaining                      0x200000a8   Data           4  heap_4.o(.data)
    xMinimumEverFreeBytesRemaining           0x200000ac   Data           4  heap_4.o(.data)
    xBlockAllocatedBit                       0x200000b0   Data           4  heap_4.o(.data)
    xStart                                   0x200000b4   Data           8  heap_4.o(.data)
    .data                                    0x200000bc   Section       12  port.o(.data)
    ucMaxSysCallPriority                     0x200000bc   Data           1  port.o(.data)
    uxCriticalNesting                        0x200000c0   Data           4  port.o(.data)
    ulMaxPRIGROUPValue                       0x200000c4   Data           4  port.o(.data)
    .data                                    0x200000c8   Section       49  ins_task.o(.data)
    temp_constant_time                       0x200000cd   Data           1  ins_task.o(.data)
    first_temperate                          0x200000ce   Data           1  ins_task.o(.data)
    xHigherPriorityTaskWoken                 0x200000d4   Data           4  ins_task.o(.data)
    INS_task_local_handler                   0x200000d8   Data           4  ins_task.o(.data)
    .data                                    0x200000fc   Section        4  errno.o(.data)
    _errno                                   0x200000fc   Data           4  errno.o(.data)
    .bss                                     0x20000100   Section      596  freertos.o(.bss)
    xIdleTaskTCBBuffer                       0x20000100   Data          84  freertos.o(.bss)
    xIdleStack                               0x20000154   Data         512  freertos.o(.bss)
    .bss                                     0x20000354   Section       80  can.o(.bss)
    .bss                                     0x200003a4   Section       84  i2c.o(.bss)
    .bss                                     0x200003f8   Section      280  spi.o(.bss)
    .bss                                     0x20000510   Section       64  tim.o(.bss)
    .bss                                     0x20000550   Section      512  usart.o(.bss)
    .bss                                     0x20000750   Section       16  bmi088_rx.o(.bss)
    .bss                                     0x20000760   Section       16  bmi088_rx.o(.bss)
    .bss                                     0x20000770   Section       16  bmi088_rx.o(.bss)
    .bss                                     0x20000780   Section       16  bmi088_rx.o(.bss)
    .bss                                     0x20000790   Section     1220  unitreea1_cmd.o(.bss)
    .bss                                     0x20000c54   Section      240  tasks.o(.bss)
    pxReadyTasksLists                        0x20000c54   Data         140  tasks.o(.bss)
    xDelayedTaskList1                        0x20000ce0   Data          20  tasks.o(.bss)
    xDelayedTaskList2                        0x20000cf4   Data          20  tasks.o(.bss)
    xPendingReadyList                        0x20000d08   Data          20  tasks.o(.bss)
    xTasksWaitingTermination                 0x20000d1c   Data          20  tasks.o(.bss)
    xSuspendedTaskList                       0x20000d30   Data          20  tasks.o(.bss)
    .bss                                     0x20000d44   Section    49152  heap_4.o(.bss)
    ucHeap                                   0x20000d44   Data       49152  heap_4.o(.bss)
    .bss                                     0x2000cd44   Section      164  ins_task.o(.bss)
    imu_temp_pid                             0x2000cda0   Data          72  ins_task.o(.bss)
    STACK                                    0x2000cde8   Section     1024  startup_stm32f407xx.o(STACK)

    Global Symbols

    Symbol Name                              Value     Ov Type        Size  Object(Section)

    BuildAttributes$$THM_ISAv4$E$P$D$K$B$S$7EM$VFPi3$EXTD16$VFPS$VFMA$PE$A:L22UL41UL21$X:L11$S22US41US21$IEEE1$IW$USESV6$~STKCKD$USESV7$~SHL$OTIME$ROPI$IEEEX$EBA8$MICROLIB$REQ8$PRES8$EABIv2 0x00000000   Number         0  anon$$obj.o ABSOLUTE
    __ARM_use_no_argv                        0x00000000   Number         0  main.o ABSOLUTE
    __cpp_initialize__aeabi_                  - Undefined Weak Reference
    __cxa_finalize                            - Undefined Weak Reference
    __decompress                              - Undefined Weak Reference
    _clock_init                               - Undefined Weak Reference
    _microlib_exit                            - Undefined Weak Reference
    __Vectors_Size                           0x00000188   Number         0  startup_stm32f407xx.o ABSOLUTE
    __Vectors                                0x08000000   Data           4  startup_stm32f407xx.o(RESET)
    __Vectors_End                            0x08000188   Data           0  startup_stm32f407xx.o(RESET)
    __main                                   0x08000189   Thumb Code     0  entry.o(.ARM.Collect$$$$00000000)
    _main_stk                                0x08000189   Thumb Code     0  entry2.o(.ARM.Collect$$$$00000001)
    _main_scatterload                        0x0800018d   Thumb Code     0  entry5.o(.ARM.Collect$$$$00000004)
    __main_after_scatterload                 0x08000191   Thumb Code     0  entry5.o(.ARM.Collect$$$$00000004)
    _main_clock                              0x08000191   Thumb Code     0  entry7b.o(.ARM.Collect$$$$00000008)
    _main_cpp_init                           0x08000191   Thumb Code     0  entry8b.o(.ARM.Collect$$$$0000000A)
    _main_init                               0x08000191   Thumb Code     0  entry9a.o(.ARM.Collect$$$$0000000B)
    __rt_final_cpp                           0x08000199   Thumb Code     0  entry10a.o(.ARM.Collect$$$$0000000D)
    __rt_final_exit                          0x08000199   Thumb Code     0  entry11a.o(.ARM.Collect$$$$0000000F)
    SVC_Handler                              0x0800019d   Thumb Code    28  port.o(.emb_text)
    __asm___6_port_c_39a90d8d__prvStartFirstTask 0x080001bd   Thumb Code    36  port.o(.emb_text)
    __asm___6_port_c_39a90d8d__prvEnableVFP  0x080001e5   Thumb Code    16  port.o(.emb_text)
    PendSV_Handler                           0x080001f9   Thumb Code    88  port.o(.emb_text)
    vPortGetIPSR                             0x08000255   Thumb Code     6  port.o(.emb_text)
    Reset_Handler                            0x0800025d   Thumb Code     8  startup_stm32f407xx.o(.text)
    ADC_IRQHandler                           0x08000277   Thumb Code     0  startup_stm32f407xx.o(.text)
    CAN1_SCE_IRQHandler                      0x08000277   Thumb Code     0  startup_stm32f407xx.o(.text)
    CAN1_TX_IRQHandler                       0x08000277   Thumb Code     0  startup_stm32f407xx.o(.text)
    CAN2_SCE_IRQHandler                      0x08000277   Thumb Code     0  startup_stm32f407xx.o(.text)
    CAN2_TX_IRQHandler                       0x08000277   Thumb Code     0  startup_stm32f407xx.o(.text)
    DCMI_IRQHandler                          0x08000277   Thumb Code     0  startup_stm32f407xx.o(.text)
    DMA1_Stream0_IRQHandler                  0x08000277   Thumb Code     0  startup_stm32f407xx.o(.text)
    DMA1_Stream1_IRQHandler                  0x08000277   Thumb Code     0  startup_stm32f407xx.o(.text)
    DMA1_Stream2_IRQHandler                  0x08000277   Thumb Code     0  startup_stm32f407xx.o(.text)
    DMA1_Stream3_IRQHandler                  0x08000277   Thumb Code     0  startup_stm32f407xx.o(.text)
    DMA1_Stream4_IRQHandler                  0x08000277   Thumb Code     0  startup_stm32f407xx.o(.text)
    DMA1_Stream5_IRQHandler                  0x08000277   Thumb Code     0  startup_stm32f407xx.o(.text)
    DMA1_Stream6_IRQHandler                  0x08000277   Thumb Code     0  startup_stm32f407xx.o(.text)
    DMA1_Stream7_IRQHandler                  0x08000277   Thumb Code     0  startup_stm32f407xx.o(.text)
    DMA2_Stream0_IRQHandler                  0x08000277   Thumb Code     0  startup_stm32f407xx.o(.text)
    DMA2_Stream3_IRQHandler                  0x08000277   Thumb Code     0  startup_stm32f407xx.o(.text)
    DMA2_Stream4_IRQHandler                  0x08000277   Thumb Code     0  startup_stm32f407xx.o(.text)
    ETH_IRQHandler                           0x08000277   Thumb Code     0  startup_stm32f407xx.o(.text)
    ETH_WKUP_IRQHandler                      0x08000277   Thumb Code     0  startup_stm32f407xx.o(.text)
    EXTI15_10_IRQHandler                     0x08000277   Thumb Code     0  startup_stm32f407xx.o(.text)
    EXTI1_IRQHandler                         0x08000277   Thumb Code     0  startup_stm32f407xx.o(.text)
    EXTI2_IRQHandler                         0x08000277   Thumb Code     0  startup_stm32f407xx.o(.text)
    FLASH_IRQHandler                         0x08000277   Thumb Code     0  startup_stm32f407xx.o(.text)
    FMC_IRQHandler                           0x08000277   Thumb Code     0  startup_stm32f407xx.o(.text)
    FPU_IRQHandler                           0x08000277   Thumb Code     0  startup_stm32f407xx.o(.text)
    HASH_RNG_IRQHandler                      0x08000277   Thumb Code     0  startup_stm32f407xx.o(.text)
    I2C1_ER_IRQHandler                       0x08000277   Thumb Code     0  startup_stm32f407xx.o(.text)
    I2C1_EV_IRQHandler                       0x08000277   Thumb Code     0  startup_stm32f407xx.o(.text)
    I2C2_ER_IRQHandler                       0x08000277   Thumb Code     0  startup_stm32f407xx.o(.text)
    I2C2_EV_IRQHandler                       0x08000277   Thumb Code     0  startup_stm32f407xx.o(.text)
    I2C3_ER_IRQHandler                       0x08000277   Thumb Code     0  startup_stm32f407xx.o(.text)
    I2C3_EV_IRQHandler                       0x08000277   Thumb Code     0  startup_stm32f407xx.o(.text)
    OTG_FS_IRQHandler                        0x08000277   Thumb Code     0  startup_stm32f407xx.o(.text)
    OTG_FS_WKUP_IRQHandler                   0x08000277   Thumb Code     0  startup_stm32f407xx.o(.text)
    OTG_HS_EP1_IN_IRQHandler                 0x08000277   Thumb Code     0  startup_stm32f407xx.o(.text)
    OTG_HS_EP1_OUT_IRQHandler                0x08000277   Thumb Code     0  startup_stm32f407xx.o(.text)
    OTG_HS_IRQHandler                        0x08000277   Thumb Code     0  startup_stm32f407xx.o(.text)
    OTG_HS_WKUP_IRQHandler                   0x08000277   Thumb Code     0  startup_stm32f407xx.o(.text)
    PVD_IRQHandler                           0x08000277   Thumb Code     0  startup_stm32f407xx.o(.text)
    RCC_IRQHandler                           0x08000277   Thumb Code     0  startup_stm32f407xx.o(.text)
    RTC_Alarm_IRQHandler                     0x08000277   Thumb Code     0  startup_stm32f407xx.o(.text)
    RTC_WKUP_IRQHandler                      0x08000277   Thumb Code     0  startup_stm32f407xx.o(.text)
    SDIO_IRQHandler                          0x08000277   Thumb Code     0  startup_stm32f407xx.o(.text)
    SPI1_IRQHandler                          0x08000277   Thumb Code     0  startup_stm32f407xx.o(.text)
    SPI2_IRQHandler                          0x08000277   Thumb Code     0  startup_stm32f407xx.o(.text)
    SPI3_IRQHandler                          0x08000277   Thumb Code     0  startup_stm32f407xx.o(.text)
    TAMP_STAMP_IRQHandler                    0x08000277   Thumb Code     0  startup_stm32f407xx.o(.text)
    TIM1_BRK_TIM9_IRQHandler                 0x08000277   Thumb Code     0  startup_stm32f407xx.o(.text)
    TIM1_CC_IRQHandler                       0x08000277   Thumb Code     0  startup_stm32f407xx.o(.text)
    TIM1_TRG_COM_TIM11_IRQHandler            0x08000277   Thumb Code     0  startup_stm32f407xx.o(.text)
    TIM1_UP_TIM10_IRQHandler                 0x08000277   Thumb Code     0  startup_stm32f407xx.o(.text)
    TIM2_IRQHandler                          0x08000277   Thumb Code     0  startup_stm32f407xx.o(.text)
    TIM3_IRQHandler                          0x08000277   Thumb Code     0  startup_stm32f407xx.o(.text)
    TIM4_IRQHandler                          0x08000277   Thumb Code     0  startup_stm32f407xx.o(.text)
    TIM5_IRQHandler                          0x08000277   Thumb Code     0  startup_stm32f407xx.o(.text)
    TIM6_DAC_IRQHandler                      0x08000277   Thumb Code     0  startup_stm32f407xx.o(.text)
    TIM7_IRQHandler                          0x08000277   Thumb Code     0  startup_stm32f407xx.o(.text)
    TIM8_BRK_TIM12_IRQHandler                0x08000277   Thumb Code     0  startup_stm32f407xx.o(.text)
    TIM8_CC_IRQHandler                       0x08000277   Thumb Code     0  startup_stm32f407xx.o(.text)
    TIM8_TRG_COM_TIM14_IRQHandler            0x08000277   Thumb Code     0  startup_stm32f407xx.o(.text)
    TIM8_UP_TIM13_IRQHandler                 0x08000277   Thumb Code     0  startup_stm32f407xx.o(.text)
    UART4_IRQHandler                         0x08000277   Thumb Code     0  startup_stm32f407xx.o(.text)
    UART5_IRQHandler                         0x08000277   Thumb Code     0  startup_stm32f407xx.o(.text)
    USART2_IRQHandler                        0x08000277   Thumb Code     0  startup_stm32f407xx.o(.text)
    USART3_IRQHandler                        0x08000277   Thumb Code     0  startup_stm32f407xx.o(.text)
    WWDG_IRQHandler                          0x08000277   Thumb Code     0  startup_stm32f407xx.o(.text)
    __aeabi_uldivmod                         0x08000281   Thumb Code    98  uldiv.o(.text)
    __aeabi_memcpy                           0x080002e3   Thumb Code    36  memcpya.o(.text)
    __aeabi_memcpy4                          0x080002e3   Thumb Code     0  memcpya.o(.text)
    __aeabi_memcpy8                          0x080002e3   Thumb Code     0  memcpya.o(.text)
    __aeabi_memset                           0x08000307   Thumb Code    14  memseta.o(.text)
    __aeabi_memset4                          0x08000307   Thumb Code     0  memseta.o(.text)
    __aeabi_memset8                          0x08000307   Thumb Code     0  memseta.o(.text)
    __aeabi_memclr                           0x08000315   Thumb Code     4  memseta.o(.text)
    __aeabi_memclr4                          0x08000315   Thumb Code     0  memseta.o(.text)
    __aeabi_memclr8                          0x08000315   Thumb Code     0  memseta.o(.text)
    memset                                   0x08000319   Thumb Code    18  memseta.o(.text)
    strlen                                   0x0800032b   Thumb Code    14  strlen.o(.text)
    __aeabi_dmul                             0x08000339   Thumb Code   228  dmul.o(.text)
    __aeabi_f2d                              0x0800041d   Thumb Code    38  f2d.o(.text)
    __aeabi_d2f                              0x08000443   Thumb Code    56  d2f.o(.text)
    __aeabi_llsl                             0x0800047b   Thumb Code    30  llshl.o(.text)
    _ll_shift_l                              0x0800047b   Thumb Code     0  llshl.o(.text)
    __aeabi_llsr                             0x08000499   Thumb Code    32  llushr.o(.text)
    _ll_ushift_r                             0x08000499   Thumb Code     0  llushr.o(.text)
    __I$use$fp                               0x080004b9   Thumb Code     0  iusefp.o(.text)
    _float_round                             0x080004b9   Thumb Code    18  fepilogue.o(.text)
    _float_epilogue                          0x080004cb   Thumb Code    92  fepilogue.o(.text)
    _double_round                            0x08000527   Thumb Code    30  depilogue.o(.text)
    _double_epilogue                         0x08000545   Thumb Code   156  depilogue.o(.text)
    _dsqrt                                   0x080005e1   Thumb Code   162  dsqrt.o(.text)
    __scatterload                            0x08000685   Thumb Code    28  init.o(.text)
    __scatterload_rt2                        0x08000685   Thumb Code     0  init.o(.text)
    AHRS_init                                0x080006a9   Thumb Code    26  ins_task.o(i.AHRS_init)
    AHRS_update                              0x080006c9   Thumb Code    16  ins_task.o(i.AHRS_update)
    BMI088_ACCEL_NS_H                        0x080006d9   Thumb Code    10  bmi088middleware.o(i.BMI088_ACCEL_NS_H)
    BMI088_ACCEL_NS_L                        0x080006e9   Thumb Code    10  bmi088middleware.o(i.BMI088_ACCEL_NS_L)
    BMI088_GPIO_init                         0x080006f9   Thumb Code     2  bmi088middleware.o(i.BMI088_GPIO_init)
    BMI088_GYRO_NS_H                         0x080006fd   Thumb Code    10  bmi088middleware.o(i.BMI088_GYRO_NS_H)
    BMI088_GYRO_NS_L                         0x0800070d   Thumb Code    10  bmi088middleware.o(i.BMI088_GYRO_NS_L)
    BMI088_accel_read_over                   0x0800071d   Thumb Code   120  bmi088driver.o(i.BMI088_accel_read_over)
    BMI088_com_init                          0x0800079d   Thumb Code     2  bmi088middleware.o(i.BMI088_com_init)
    BMI088_data_handle                       0x0800079f   Thumb Code    56  bsp_can.o(i.BMI088_data_handle)
    BMI088_delay_ms                          0x080007d7   Thumb Code     4  bmi088middleware.o(i.BMI088_delay_ms)
    BMI088_delay_us                          0x080007db   Thumb Code     4  bmi088middleware.o(i.BMI088_delay_us)
    BMI088_gyro_read_over                    0x080007e1   Thumb Code    92  bmi088driver.o(i.BMI088_gyro_read_over)
    BMI088_init                              0x08000841   Thumb Code    46  bmi088driver.o(i.BMI088_init)
    BMI088_read                              0x08000871   Thumb Code   340  bmi088driver.o(i.BMI088_read)
    BMI088_read_write_byte                   0x08000a05   Thumb Code    28  bmi088middleware.o(i.BMI088_read_write_byte)
    BMI088_temperature_read_over             0x08000a25   Thumb Code    46  bmi088driver.o(i.BMI088_temperature_read_over)
    BusFault_Handler                         0x08000a65   Thumb Code     2  stm32f4xx_it.o(i.BusFault_Handler)
    CAN1_RX0_IRQHandler                      0x08000a69   Thumb Code     6  stm32f4xx_it.o(i.CAN1_RX0_IRQHandler)
    CAN1_RX1_IRQHandler                      0x08000a75   Thumb Code     6  stm32f4xx_it.o(i.CAN1_RX1_IRQHandler)
    CAN2_RX0_IRQHandler                      0x08000a81   Thumb Code     6  stm32f4xx_it.o(i.CAN2_RX0_IRQHandler)
    CAN2_RX1_IRQHandler                      0x08000a8d   Thumb Code     6  stm32f4xx_it.o(i.CAN2_RX1_IRQHandler)
    CANFilter_Enable                         0x08000a99   Thumb Code    88  bsp_can.o(i.CANFilter_Enable)
    CAN_Enable                               0x08000b01   Thumb Code    26  bsp_can.o(i.CAN_Enable)
    CAN_InitArgument                         0x08000b1d   Thumb Code    18  bsp_can.o(i.CAN_InitArgument)
    DMA2_Stream1_IRQHandler                  0x08000b39   Thumb Code     6  stm32f4xx_it.o(i.DMA2_Stream1_IRQHandler)
    DMA2_Stream2_IRQHandler                  0x08000b45   Thumb Code   690  ins_task.o(i.DMA2_Stream2_IRQHandler)
    DMA2_Stream5_IRQHandler                  0x08000e19   Thumb Code     6  stm32f4xx_it.o(i.DMA2_Stream5_IRQHandler)
    DMA2_Stream6_IRQHandler                  0x08000e25   Thumb Code     6  stm32f4xx_it.o(i.DMA2_Stream6_IRQHandler)
    DMA2_Stream7_IRQHandler                  0x08000e31   Thumb Code     6  stm32f4xx_it.o(i.DMA2_Stream7_IRQHandler)
    DebugMon_Handler                         0x08000f27   Thumb Code     2  stm32f4xx_it.o(i.DebugMon_Handler)
    EXTI0_IRQHandler                         0x08000f29   Thumb Code     6  stm32f4xx_it.o(i.EXTI0_IRQHandler)
    EXTI3_IRQHandler                         0x08000f2f   Thumb Code     6  stm32f4xx_it.o(i.EXTI3_IRQHandler)
    EXTI4_IRQHandler                         0x08000f35   Thumb Code     6  stm32f4xx_it.o(i.EXTI4_IRQHandler)
    EXTI9_5_IRQHandler                       0x08000f3b   Thumb Code     6  stm32f4xx_it.o(i.EXTI9_5_IRQHandler)
    Error_Handler                            0x08000f41   Thumb Code     4  main.o(i.Error_Handler)
    HAL_CAN_ActivateNotification             0x08000f45   Thumb Code    36  stm32f4xx_hal_can.o(i.HAL_CAN_ActivateNotification)
    HAL_CAN_ConfigFilter                     0x08000f69   Thumb Code   290  stm32f4xx_hal_can.o(i.HAL_CAN_ConfigFilter)
    HAL_CAN_ErrorCallback                    0x08001091   Thumb Code     2  stm32f4xx_hal_can.o(i.HAL_CAN_ErrorCallback)
    HAL_CAN_GetRxMessage                     0x08001093   Thumb Code   364  stm32f4xx_hal_can.o(i.HAL_CAN_GetRxMessage)
    HAL_CAN_IRQHandler                       0x080011ff   Thumb Code   564  stm32f4xx_hal_can.o(i.HAL_CAN_IRQHandler)
    HAL_CAN_Init                             0x08001433   Thumb Code   360  stm32f4xx_hal_can.o(i.HAL_CAN_Init)
    HAL_CAN_MspInit                          0x0800159d   Thumb Code   258  can.o(i.HAL_CAN_MspInit)
    HAL_CAN_RxFifo0FullCallback              0x080016b9   Thumb Code     2  stm32f4xx_hal_can.o(i.HAL_CAN_RxFifo0FullCallback)
    HAL_CAN_RxFifo0MsgPendingCallback        0x080016bd   Thumb Code   134  bsp_can.o(i.HAL_CAN_RxFifo0MsgPendingCallback)
    HAL_CAN_RxFifo1FullCallback              0x08001765   Thumb Code     2  stm32f4xx_hal_can.o(i.HAL_CAN_RxFifo1FullCallback)
    HAL_CAN_RxFifo1MsgPendingCallback        0x08001767   Thumb Code     2  stm32f4xx_hal_can.o(i.HAL_CAN_RxFifo1MsgPendingCallback)
    HAL_CAN_SleepCallback                    0x08001769   Thumb Code     2  stm32f4xx_hal_can.o(i.HAL_CAN_SleepCallback)
    HAL_CAN_Start                            0x0800176b   Thumb Code   100  stm32f4xx_hal_can.o(i.HAL_CAN_Start)
    HAL_CAN_TxMailbox0AbortCallback          0x080017cf   Thumb Code     2  stm32f4xx_hal_can.o(i.HAL_CAN_TxMailbox0AbortCallback)
    HAL_CAN_TxMailbox0CompleteCallback       0x080017d1   Thumb Code     2  stm32f4xx_hal_can.o(i.HAL_CAN_TxMailbox0CompleteCallback)
    HAL_CAN_TxMailbox1AbortCallback          0x080017d3   Thumb Code     2  stm32f4xx_hal_can.o(i.HAL_CAN_TxMailbox1AbortCallback)
    HAL_CAN_TxMailbox1CompleteCallback       0x080017d5   Thumb Code     2  stm32f4xx_hal_can.o(i.HAL_CAN_TxMailbox1CompleteCallback)
    HAL_CAN_TxMailbox2AbortCallback          0x080017d7   Thumb Code     2  stm32f4xx_hal_can.o(i.HAL_CAN_TxMailbox2AbortCallback)
    HAL_CAN_TxMailbox2CompleteCallback       0x080017d9   Thumb Code     2  stm32f4xx_hal_can.o(i.HAL_CAN_TxMailbox2CompleteCallback)
    HAL_CAN_WakeUpFromRxMsgCallback          0x080017db   Thumb Code     2  stm32f4xx_hal_can.o(i.HAL_CAN_WakeUpFromRxMsgCallback)
    HAL_DMA_Abort_IT                         0x080017dd   Thumb Code    36  stm32f4xx_hal_dma.o(i.HAL_DMA_Abort_IT)
    HAL_DMA_IRQHandler                       0x08001801   Thumb Code   488  stm32f4xx_hal_dma.o(i.HAL_DMA_IRQHandler)
    HAL_DMA_Init                             0x080019ed   Thumb Code   230  stm32f4xx_hal_dma.o(i.HAL_DMA_Init)
    HAL_DMA_Start_IT                         0x08001ad9   Thumb Code   112  stm32f4xx_hal_dma.o(i.HAL_DMA_Start_IT)
    HAL_Delay                                0x08001b49   Thumb Code    34  stm32f4xx_hal.o(i.HAL_Delay)
    HAL_GPIO_EXTI_Callback                   0x08001b71   Thumb Code   146  ins_task.o(i.HAL_GPIO_EXTI_Callback)
    HAL_GPIO_EXTI_IRQHandler                 0x08001c11   Thumb Code    18  stm32f4xx_hal_gpio.o(i.HAL_GPIO_EXTI_IRQHandler)
    HAL_GPIO_Init                            0x08001c29   Thumb Code   580  stm32f4xx_hal_gpio.o(i.HAL_GPIO_Init)
    HAL_GPIO_WritePin                        0x08001e81   Thumb Code    14  stm32f4xx_hal_gpio.o(i.HAL_GPIO_WritePin)
    HAL_GetTick                              0x08001e91   Thumb Code     6  stm32f4xx_hal.o(i.HAL_GetTick)
    HAL_I2C_Init                             0x08001e9d   Thumb Code   410  stm32f4xx_hal_i2c.o(i.HAL_I2C_Init)
    HAL_I2C_Mem_Read                         0x08002049   Thumb Code   692  stm32f4xx_hal_i2c.o(i.HAL_I2C_Mem_Read)
    HAL_I2C_Mem_Write                        0x08002309   Thumb Code   362  stm32f4xx_hal_i2c.o(i.HAL_I2C_Mem_Write)
    HAL_I2C_MspInit                          0x0800247d   Thumb Code   130  i2c.o(i.HAL_I2C_MspInit)
    HAL_IncTick                              0x08002511   Thumb Code    12  stm32f4xx_hal.o(i.HAL_IncTick)
    HAL_Init                                 0x08002521   Thumb Code    48  stm32f4xx_hal.o(i.HAL_Init)
    HAL_InitTick                             0x08002555   Thumb Code    58  stm32f4xx_hal.o(i.HAL_InitTick)
    HAL_MspInit                              0x08002599   Thumb Code    52  stm32f4xx_hal_msp.o(i.HAL_MspInit)
    HAL_NVIC_EnableIRQ                       0x080025d1   Thumb Code    28  stm32f4xx_hal_cortex.o(i.HAL_NVIC_EnableIRQ)
    HAL_NVIC_SetPriority                     0x080025ed   Thumb Code    98  stm32f4xx_hal_cortex.o(i.HAL_NVIC_SetPriority)
    HAL_NVIC_SetPriorityGrouping             0x08002655   Thumb Code    30  stm32f4xx_hal_cortex.o(i.HAL_NVIC_SetPriorityGrouping)
    HAL_RCC_ClockConfig                      0x08002679   Thumb Code   354  stm32f4xx_hal_rcc.o(i.HAL_RCC_ClockConfig)
    HAL_RCC_GetHCLKFreq                      0x080027f5   Thumb Code     6  stm32f4xx_hal_rcc.o(i.HAL_RCC_GetHCLKFreq)
    HAL_RCC_GetPCLK1Freq                     0x08002801   Thumb Code    22  stm32f4xx_hal_rcc.o(i.HAL_RCC_GetPCLK1Freq)
    HAL_RCC_GetPCLK2Freq                     0x08002821   Thumb Code    22  stm32f4xx_hal_rcc.o(i.HAL_RCC_GetPCLK2Freq)
    HAL_RCC_GetSysClockFreq                  0x08002841   Thumb Code    94  stm32f4xx_hal_rcc.o(i.HAL_RCC_GetSysClockFreq)
    HAL_RCC_OscConfig                        0x080028b1   Thumb Code  1142  stm32f4xx_hal_rcc.o(i.HAL_RCC_OscConfig)
    HAL_SPI_Init                             0x08002d27   Thumb Code   130  stm32f4xx_hal_spi.o(i.HAL_SPI_Init)
    HAL_SPI_MspInit                          0x08002da9   Thumb Code   232  spi.o(i.HAL_SPI_MspInit)
    HAL_SPI_TransmitReceive                  0x08002ea9   Thumb Code   504  stm32f4xx_hal_spi.o(i.HAL_SPI_TransmitReceive)
    HAL_SYSTICK_Config                       0x080030a1   Thumb Code    36  stm32f4xx_hal_cortex.o(i.HAL_SYSTICK_Config)
    HAL_TIM_Base_Init                        0x080030c9   Thumb Code    56  stm32f4xx_hal_tim.o(i.HAL_TIM_Base_Init)
    HAL_TIM_Base_MspInit                     0x08003101   Thumb Code    30  tim.o(i.HAL_TIM_Base_MspInit)
    HAL_TIM_MspPostInit                      0x08003129   Thumb Code    72  tim.o(i.HAL_TIM_MspPostInit)
    HAL_TIM_PWM_ConfigChannel                0x0800317d   Thumb Code   220  stm32f4xx_hal_tim.o(i.HAL_TIM_PWM_ConfigChannel)
    HAL_TIM_PWM_Init                         0x08003259   Thumb Code    56  stm32f4xx_hal_tim.o(i.HAL_TIM_PWM_Init)
    HAL_TIM_PWM_MspInit                      0x08003291   Thumb Code     2  stm32f4xx_hal_tim.o(i.HAL_TIM_PWM_MspInit)
    HAL_UART_ErrorCallback                   0x08003293   Thumb Code     2  stm32f4xx_hal_uart.o(i.HAL_UART_ErrorCallback)
    HAL_UART_IRQHandler                      0x08003295   Thumb Code   318  stm32f4xx_hal_uart.o(i.HAL_UART_IRQHandler)
    HAL_UART_Init                            0x080033d9   Thumb Code   100  stm32f4xx_hal_uart.o(i.HAL_UART_Init)
    HAL_UART_MspInit                         0x0800343d   Thumb Code   420  usart.o(i.HAL_UART_MspInit)
    HAL_UART_Receive_DMA                     0x08003605   Thumb Code   150  stm32f4xx_hal_uart.o(i.HAL_UART_Receive_DMA)
    HAL_UART_RxCpltCallback                  0x080036a9   Thumb Code     2  stm32f4xx_hal_uart.o(i.HAL_UART_RxCpltCallback)
    HAL_UART_RxHalfCpltCallback              0x080036ab   Thumb Code     2  stm32f4xx_hal_uart.o(i.HAL_UART_RxHalfCpltCallback)
    HAL_UART_Transmit                        0x080036ad   Thumb Code   224  stm32f4xx_hal_uart.o(i.HAL_UART_Transmit)
    HAL_UART_Transmit_DMA                    0x0800378d   Thumb Code   138  stm32f4xx_hal_uart.o(i.HAL_UART_Transmit_DMA)
    HAL_UART_TxCpltCallback                  0x08003825   Thumb Code     2  stm32f4xx_hal_uart.o(i.HAL_UART_TxCpltCallback)
    HAL_UART_TxHalfCpltCallback              0x08003827   Thumb Code     2  stm32f4xx_hal_uart.o(i.HAL_UART_TxHalfCpltCallback)
    HardFault_Handler                        0x08003829   Thumb Code     2  stm32f4xx_it.o(i.HardFault_Handler)
    IMU_Get_Task03                           0x08003d39   Thumb Code   272  ins_task.o(i.IMU_Get_Task03)
    MX_CAN1_Init                             0x08003e65   Thumb Code    60  can.o(i.MX_CAN1_Init)
    MX_CAN2_Init                             0x08003ea9   Thumb Code    60  can.o(i.MX_CAN2_Init)
    MX_DMA_Init                              0x08003eed   Thumb Code   120  dma.o(i.MX_DMA_Init)
    MX_FREERTOS_Init                         0x08003f69   Thumb Code    74  freertos.o(i.MX_FREERTOS_Init)
    MX_GPIO_Init                             0x08003fbd   Thumb Code   310  gpio.o(i.MX_GPIO_Init)
    MX_I2C3_Init                             0x0800410d   Thumb Code    50  i2c.o(i.MX_I2C3_Init)
    MX_SPI1_Init                             0x0800414d   Thumb Code    62  spi.o(i.MX_SPI1_Init)
    MX_TIM10_Init                            0x08004195   Thumb Code    92  tim.o(i.MX_TIM10_Init)
    MX_USART1_UART_Init                      0x080041f9   Thumb Code    46  usart.o(i.MX_USART1_UART_Init)
    MX_USART6_UART_Init                      0x08004235   Thumb Code    46  usart.o(i.MX_USART6_UART_Init)
    MahonyAHRSupdate                         0x08004271   Thumb Code   834  mahonyahrs.o(i.MahonyAHRSupdate)
    MahonyAHRSupdateIMU                      0x080045c5   Thumb Code   466  mahonyahrs.o(i.MahonyAHRSupdateIMU)
    MemManage_Handler                        0x080047a9   Thumb Code     2  stm32f4xx_it.o(i.MemManage_Handler)
    NMI_Handler                              0x080047ab   Thumb Code     2  stm32f4xx_it.o(i.NMI_Handler)
    PID_calc                                 0x080047ad   Thumb Code   292  pid.o(i.PID_calc)
    PID_init                                 0x080048d5   Thumb Code    88  pid.o(i.PID_init)
    SPI1_DMA_enable                          0x08004931   Thumb Code  4706  bsp_spi.o(i.SPI1_DMA_enable)
    SPI1_DMA_init                            0x08005ba5   Thumb Code   216  bsp_spi.o(i.SPI1_DMA_init)
    StartDefaultTask                         0x08005d9f   Thumb Code     8  freertos.o(i.StartDefaultTask)
    SysTick_Handler                          0x08005da7   Thumb Code    24  stm32f4xx_it.o(i.SysTick_Handler)
    SystemClock_Config                       0x08005dc1   Thumb Code   140  main.o(i.SystemClock_Config)
    SystemInit                               0x08005e55   Thumb Code    20  system_stm32f4xx.o(i.SystemInit)
    TIM_Base_SetConfig                       0x08005e71   Thumb Code   182  stm32f4xx_hal_tim.o(i.TIM_Base_SetConfig)
    TIM_OC2_SetConfig                        0x08005fad   Thumb Code   112  stm32f4xx_hal_tim.o(i.TIM_OC2_SetConfig)
    USART1_IRQHandler                        0x08006531   Thumb Code     6  stm32f4xx_it.o(i.USART1_IRQHandler)
    USART6_IRQHandler                        0x0800653d   Thumb Code     6  stm32f4xx_it.o(i.USART6_IRQHandler)
    UnitreeA1_Task                           0x08006549   Thumb Code    36  leg_task.o(i.UnitreeA1_Task)
    UsageFault_Handler                       0x08006579   Thumb Code     2  stm32f4xx_it.o(i.UsageFault_Handler)
    __ARM_fpclassifyf                        0x0800657b   Thumb Code    38  fpclassifyf.o(i.__ARM_fpclassifyf)
    __hardfp_asinf                           0x080065a1   Thumb Code   258  asinf.o(i.__hardfp_asinf)
    __hardfp_atan2f                          0x080066cd   Thumb Code   502  atan2f.o(i.__hardfp_atan2f)
    __hardfp_sqrt                            0x0800691d   Thumb Code   122  sqrt.o(i.__hardfp_sqrt)
    __mathlib_flt_infnan                     0x08006997   Thumb Code     6  funder.o(i.__mathlib_flt_infnan)
    __mathlib_flt_infnan2                    0x0800699d   Thumb Code     6  funder.o(i.__mathlib_flt_infnan2)
    __mathlib_flt_invalid                    0x080069a5   Thumb Code    10  funder.o(i.__mathlib_flt_invalid)
    __mathlib_flt_underflow                  0x080069b5   Thumb Code    10  funder.o(i.__mathlib_flt_underflow)
    __scatterload_copy                       0x080069c5   Thumb Code    14  handlers.o(i.__scatterload_copy)
    __scatterload_null                       0x080069d3   Thumb Code     2  handlers.o(i.__scatterload_null)
    __scatterload_zeroinit                   0x080069d5   Thumb Code    14  handlers.o(i.__scatterload_zeroinit)
    __set_errno                              0x080069e5   Thumb Code     6  errno.o(i.__set_errno)
    bmi088_accel_init                        0x080069f1   Thumb Code   332  bmi088driver.o(i.bmi088_accel_init)
    bmi088_accel_self_test                   0x08006b41   Thumb Code   858  bmi088driver.o(i.bmi088_accel_self_test)
    bmi088_gyro_init                         0x08006ea1   Thumb Code   214  bmi088driver.o(i.bmi088_gyro_init)
    bmi088_gyro_self_test                    0x08006f7d   Thumb Code   202  bmi088driver.o(i.bmi088_gyro_self_test)
    crc32_core                               0x08007049   Thumb Code    56  unitreea1_cmd.o(i.crc32_core)
    delay_us                                 0x08007085   Thumb Code    48  bsp_delay.o(i.delay_us)
    get_angle                                0x080070b9   Thumb Code   176  ins_task.o(i.get_angle)
    imu_pwm_set                              0x08007279   Thumb Code     8  bsp_imu_pwm.o(i.imu_pwm_set)
    invSqrt                                  0x08007301   Thumb Code    40  mahonyahrs.o(i.invSqrt)
    ist8310_GPIO_init                        0x0800732d   Thumb Code     2  ist8310driver_middleware.o(i.ist8310_GPIO_init)
    ist8310_IIC_read_muli_reg                0x08007331   Thumb Code    22  ist8310driver_middleware.o(i.ist8310_IIC_read_muli_reg)
    ist8310_IIC_read_single_reg              0x0800734d   Thumb Code    32  ist8310driver_middleware.o(i.ist8310_IIC_read_single_reg)
    ist8310_IIC_write_single_reg             0x08007371   Thumb Code    30  ist8310driver_middleware.o(i.ist8310_IIC_write_single_reg)
    ist8310_RST_H                            0x08007395   Thumb Code    10  ist8310driver_middleware.o(i.ist8310_RST_H)
    ist8310_RST_L                            0x080073a5   Thumb Code    10  ist8310driver_middleware.o(i.ist8310_RST_L)
    ist8310_com_init                         0x080073b5   Thumb Code     2  ist8310driver_middleware.o(i.ist8310_com_init)
    ist8310_delay_ms                         0x080073b7   Thumb Code     4  ist8310driver_middleware.o(i.ist8310_delay_ms)
    ist8310_init                             0x080073bd   Thumb Code   122  ist8310driver.o(i.ist8310_init)
    ist8310_read_mag                         0x0800743d   Thumb Code    80  ist8310driver.o(i.ist8310_read_mag)
    main                                     0x08007491   Thumb Code    58  main.o(i.main)
    modfiy_cmd                               0x080074d9   Thumb Code    62  unitreea1_cmd.o(i.modfiy_cmd)
    osDelay                                  0x08007521   Thumb Code    16  cmsis_os.o(i.osDelay)
    osKernelStart                            0x08007531   Thumb Code    10  cmsis_os.o(i.osKernelStart)
    osThreadCreate                           0x0800753b   Thumb Code    92  cmsis_os.o(i.osThreadCreate)
    pcTaskGetName                            0x08007599   Thumb Code    30  tasks.o(i.pcTaskGetName)
    pvPortMalloc                             0x080079d5   Thumb Code   218  heap_4.o(i.pvPortMalloc)
    pxPortInitialiseStack                    0x08007ab9   Thumb Code    38  port.o(i.pxPortInitialiseStack)
    sqrtf                                    0x08007ae5   Thumb Code    62  sqrtf.o(i.sqrtf)
    ulTaskNotifyTake                         0x08007b25   Thumb Code    96  tasks.o(i.ulTaskNotifyTake)
    unitreeA1_rxtx                           0x08007b8d   Thumb Code   788  unitreea1_cmd.o(i.unitreeA1_rxtx)
    uxListRemove                             0x08007ed5   Thumb Code    38  list.o(i.uxListRemove)
    vApplicationGetIdleTaskMemory            0x08007efd   Thumb Code    16  freertos.o(i.vApplicationGetIdleTaskMemory)
    vListInitialise                          0x08007f11   Thumb Code    22  list.o(i.vListInitialise)
    vListInitialiseItem                      0x08007f27   Thumb Code     6  list.o(i.vListInitialiseItem)
    vListInsert                              0x08007f2d   Thumb Code    54  list.o(i.vListInsert)
    vListInsertEnd                           0x08007f63   Thumb Code    24  list.o(i.vListInsertEnd)
    vPortEnterCritical                       0x08007f7d   Thumb Code    54  port.o(i.vPortEnterCritical)
    vPortExitCritical                        0x08007fbd   Thumb Code    38  port.o(i.vPortExitCritical)
    vPortFree                                0x08007fe9   Thumb Code    88  heap_4.o(i.vPortFree)
    vPortSetupTimerInterrupt                 0x08008045   Thumb Code    32  port.o(i.vPortSetupTimerInterrupt)
    vPortValidateInterruptPriority           0x08008069   Thumb Code    74  port.o(i.vPortValidateInterruptPriority)
    vTaskDelay                               0x080080bd   Thumb Code    70  tasks.o(i.vTaskDelay)
    vTaskNotifyGiveFromISR                   0x0800810d   Thumb Code   176  tasks.o(i.vTaskNotifyGiveFromISR)
    vTaskStartScheduler                      0x080081c9   Thumb Code   120  tasks.o(i.vTaskStartScheduler)
    vTaskSuspendAll                          0x08008251   Thumb Code    10  tasks.o(i.vTaskSuspendAll)
    vTaskSwitchContext                       0x08008261   Thumb Code    86  tasks.o(i.vTaskSwitchContext)
    xPortStartScheduler                      0x080082c1   Thumb Code   232  port.o(i.xPortStartScheduler)
    xPortSysTickHandler                      0x080083c5   Thumb Code    38  port.o(i.xPortSysTickHandler)
    xTaskCreate                              0x080083f1   Thumb Code   108  tasks.o(i.xTaskCreate)
    xTaskCreateStatic                        0x0800845d   Thumb Code    96  tasks.o(i.xTaskCreateStatic)
    xTaskGetHandle                           0x080084bd   Thumb Code   124  tasks.o(i.xTaskGetHandle)
    xTaskGetSchedulerState                   0x08008549   Thumb Code    24  tasks.o(i.xTaskGetSchedulerState)
    xTaskIncrementTick                       0x08008565   Thumb Code   200  tasks.o(i.xTaskIncrementTick)
    xTaskResumeAll                           0x08008635   Thumb Code   190  tasks.o(i.xTaskResumeAll)
    AHBPrescTable                            0x0800877a   Data          16  system_stm32f4xx.o(.constdata)
    APBPrescTable                            0x0800878a   Data           8  system_stm32f4xx.o(.constdata)
    Region$$Table$$Base                      0x080087c8   Number         0  anon$$obj.o(Region$$Table)
    Region$$Table$$Limit                     0x080087e8   Number         0  anon$$obj.o(Region$$Table)
    defaultTaskHandle                        0x20000000   Data           4  freertos.o(.data)
    leg_TaskHandle                           0x20000004   Data           4  freertos.o(.data)
    BodyIMU_TaskHandle                       0x20000008   Data           4  freertos.o(.data)
    BMI088_ACCEL_SEN                         0x20000010   Data           4  bmi088driver.o(.data)
    BMI088_GYRO_SEN                          0x20000014   Data           4  bmi088driver.o(.data)
    uwTickFreq                               0x20000044   Data           1  stm32f4xx_hal.o(.data)
    uwTickPrio                               0x20000048   Data           4  stm32f4xx_hal.o(.data)
    uwTick                                   0x2000004c   Data           4  stm32f4xx_hal.o(.data)
    SystemCoreClock                          0x20000050   Data           4  system_stm32f4xx.o(.data)
    twoKp                                    0x20000054   Data           4  mahonyahrs.o(.data)
    twoKi                                    0x20000058   Data           4  mahonyahrs.o(.data)
    integralFBx                              0x2000005c   Data           4  mahonyahrs.o(.data)
    integralFBy                              0x20000060   Data           4  mahonyahrs.o(.data)
    integralFBz                              0x20000064   Data           4  mahonyahrs.o(.data)
    pxCurrentTCB                             0x20000068   Data           4  tasks.o(.data)
    gyro_update_flag                         0x200000c8   Data           1  ins_task.o(.data)
    accel_update_flag                        0x200000c9   Data           1  ins_task.o(.data)
    accel_temp_update_flag                   0x200000ca   Data           1  ins_task.o(.data)
    mag_update_flag                          0x200000cb   Data           1  ins_task.o(.data)
    imu_start_dma_flag                       0x200000cc   Data           1  ins_task.o(.data)
    accel_temp_dma_tx_buf                    0x200000cf   Data           4  ins_task.o(.data)
    accel_temp_dma_rx_buf                    0x200000dc   Data           4  ins_task.o(.data)
    gyro_dma_tx_buf                          0x200000e0   Data           8  ins_task.o(.data)
    gyro_dma_rx_buf                          0x200000e8   Data           8  ins_task.o(.data)
    accel_dma_tx_buf                         0x200000f0   Data           9  ins_task.o(.data)
    hcan1                                    0x20000354   Data          40  can.o(.bss)
    hcan2                                    0x2000037c   Data          40  can.o(.bss)
    hi2c3                                    0x200003a4   Data          84  i2c.o(.bss)
    hspi1                                    0x200003f8   Data          88  spi.o(.bss)
    hdma_spi1_rx                             0x20000450   Data          96  spi.o(.bss)
    hdma_spi1_tx                             0x200004b0   Data          96  spi.o(.bss)
    htim10                                   0x20000510   Data          64  tim.o(.bss)
    huart1                                   0x20000550   Data          64  usart.o(.bss)
    huart6                                   0x20000590   Data          64  usart.o(.bss)
    hdma_usart1_tx                           0x200005d0   Data          96  usart.o(.bss)
    hdma_usart1_rx                           0x20000630   Data          96  usart.o(.bss)
    hdma_usart6_tx                           0x20000690   Data          96  usart.o(.bss)
    hdma_usart6_rx                           0x200006f0   Data          96  usart.o(.bss)
    right_up_088                             0x20000750   Data          16  bmi088_rx.o(.bss)
    left_up_088                              0x20000760   Data          16  bmi088_rx.o(.bss)
    left_down_088                            0x20000770   Data          16  bmi088_rx.o(.bss)
    right_down_088                           0x20000780   Data          16  bmi088_rx.o(.bss)
    cmd_left                                 0x20000790   Data          66  unitreea1_cmd.o(.bss)
    cmd_right                                0x200007d2   Data          66  unitreea1_cmd.o(.bss)
    Date_left                                0x20000814   Data         136  unitreea1_cmd.o(.bss)
    id00_left_date                           0x2000089c   Data         136  unitreea1_cmd.o(.bss)
    id01_left_date                           0x20000924   Data         136  unitreea1_cmd.o(.bss)
    id02_left_date                           0x200009ac   Data         136  unitreea1_cmd.o(.bss)
    Date_right                               0x20000a34   Data         136  unitreea1_cmd.o(.bss)
    id00_right_date                          0x20000abc   Data         136  unitreea1_cmd.o(.bss)
    id01_right_date                          0x20000b44   Data         136  unitreea1_cmd.o(.bss)
    id02_right_date                          0x20000bcc   Data         136  unitreea1_cmd.o(.bss)
    INS_quat                                 0x2000cd44   Data          16  ins_task.o(.bss)
    INS_angle                                0x2000cd54   Data          12  ins_task.o(.bss)
    accel_dma_rx_buf                         0x2000cd60   Data           9  ins_task.o(.bss)
    bmi088_real_data                         0x2000cd6c   Data          36  ins_task.o(.bss)
    ist8310_real_data                        0x2000cd90   Data          16  ins_task.o(.bss)
    __initial_sp                             0x2000d1e8   Data           0  startup_stm32f407xx.o(STACK)



==============================================================================

Memory Map of the image

  Image Entry point : 0x08000189

  Load Region LR_IROM1 (Base: 0x08000000, Size: 0x000088e8, Max: 0x00100000, ABSOLUTE)

    Execution Region ER_IROM1 (Exec base: 0x08000000, Load base: 0x08000000, Size: 0x000087e8, Max: 0x00100000, ABSOLUTE)

    Exec Addr    Load Addr    Size         Type   Attr      Idx    E Section Name        Object

    0x08000000   0x08000000   0x00000188   Data   RO            3    RESET               startup_stm32f407xx.o
    0x08000188   0x08000188   0x00000000   Code   RO         6774  * .ARM.Collect$$$$00000000  mc_w.l(entry.o)
    0x08000188   0x08000188   0x00000004   Code   RO         6851    .ARM.Collect$$$$00000001  mc_w.l(entry2.o)
    0x0800018c   0x0800018c   0x00000004   Code   RO         6854    .ARM.Collect$$$$00000004  mc_w.l(entry5.o)
    0x08000190   0x08000190   0x00000000   Code   RO         6856    .ARM.Collect$$$$00000008  mc_w.l(entry7b.o)
    0x08000190   0x08000190   0x00000000   Code   RO         6858    .ARM.Collect$$$$0000000A  mc_w.l(entry8b.o)
    0x08000190   0x08000190   0x00000008   Code   RO         6859    .ARM.Collect$$$$0000000B  mc_w.l(entry9a.o)
    0x08000198   0x08000198   0x00000000   Code   RO         6861    .ARM.Collect$$$$0000000D  mc_w.l(entry10a.o)
    0x08000198   0x08000198   0x00000000   Code   RO         6863    .ARM.Collect$$$$0000000F  mc_w.l(entry11a.o)
    0x08000198   0x08000198   0x00000004   Code   RO         6852    .ARM.Collect$$$$00002712  mc_w.l(entry2.o)
    0x0800019c   0x0800019c   0x000000be   Code   RO         6514    .emb_text           port.o
    0x0800025a   0x0800025a   0x00000002   PAD
    0x0800025c   0x0800025c   0x00000024   Code   RO            4    .text               startup_stm32f407xx.o
    0x08000280   0x08000280   0x00000062   Code   RO         6777    .text               mc_w.l(uldiv.o)
    0x080002e2   0x080002e2   0x00000024   Code   RO         6779    .text               mc_w.l(memcpya.o)
    0x08000306   0x08000306   0x00000024   Code   RO         6783    .text               mc_w.l(memseta.o)
    0x0800032a   0x0800032a   0x0000000e   Code   RO         6785    .text               mc_w.l(strlen.o)
    0x08000338   0x08000338   0x000000e4   Code   RO         6817    .text               mf_w.l(dmul.o)
    0x0800041c   0x0800041c   0x00000026   Code   RO         6819    .text               mf_w.l(f2d.o)
    0x08000442   0x08000442   0x00000038   Code   RO         6821    .text               mf_w.l(d2f.o)
    0x0800047a   0x0800047a   0x0000001e   Code   RO         6870    .text               mc_w.l(llshl.o)
    0x08000498   0x08000498   0x00000020   Code   RO         6872    .text               mc_w.l(llushr.o)
    0x080004b8   0x080004b8   0x00000000   Code   RO         6881    .text               mc_w.l(iusefp.o)
    0x080004b8   0x080004b8   0x0000006e   Code   RO         6882    .text               mf_w.l(fepilogue.o)
    0x08000526   0x08000526   0x000000ba   Code   RO         6884    .text               mf_w.l(depilogue.o)
    0x080005e0   0x080005e0   0x000000a2   Code   RO         6890    .text               mf_w.l(dsqrt.o)
    0x08000682   0x08000682   0x00000002   PAD
    0x08000684   0x08000684   0x00000024   Code   RO         6898    .text               mc_w.l(init.o)
    0x080006a8   0x080006a8   0x00000020   Code   RO         6618    i.AHRS_init         ins_task.o
    0x080006c8   0x080006c8   0x00000010   Code   RO         6619    i.AHRS_update       ins_task.o
    0x080006d8   0x080006d8   0x00000010   Code   RO          994    i.BMI088_ACCEL_NS_H  bmi088middleware.o
    0x080006e8   0x080006e8   0x00000010   Code   RO          995    i.BMI088_ACCEL_NS_L  bmi088middleware.o
    0x080006f8   0x080006f8   0x00000002   Code   RO          996    i.BMI088_GPIO_init  bmi088middleware.o
    0x080006fa   0x080006fa   0x00000002   PAD
    0x080006fc   0x080006fc   0x00000010   Code   RO          997    i.BMI088_GYRO_NS_H  bmi088middleware.o
    0x0800070c   0x0800070c   0x00000010   Code   RO          998    i.BMI088_GYRO_NS_L  bmi088middleware.o
    0x0800071c   0x0800071c   0x00000080   Code   RO          786    i.BMI088_accel_read_over  bmi088driver.o
    0x0800079c   0x0800079c   0x00000002   Code   RO          999    i.BMI088_com_init   bmi088middleware.o
    0x0800079e   0x0800079e   0x00000038   Code   RO         1247    i.BMI088_data_handle  bsp_can.o
    0x080007d6   0x080007d6   0x00000004   Code   RO         1000    i.BMI088_delay_ms   bmi088middleware.o
    0x080007da   0x080007da   0x00000004   Code   RO         1001    i.BMI088_delay_us   bmi088middleware.o
    0x080007de   0x080007de   0x00000002   PAD
    0x080007e0   0x080007e0   0x00000060   Code   RO          787    i.BMI088_gyro_read_over  bmi088driver.o
    0x08000840   0x08000840   0x0000002e   Code   RO          788    i.BMI088_init       bmi088driver.o
    0x0800086e   0x0800086e   0x00000002   PAD
    0x08000870   0x08000870   0x00000158   Code   RO          789    i.BMI088_read       bmi088driver.o
    0x080009c8   0x080009c8   0x00000024   Code   RO          792    i.BMI088_read_muli_reg  bmi088driver.o
    0x080009ec   0x080009ec   0x00000016   Code   RO          793    i.BMI088_read_single_reg  bmi088driver.o
    0x08000a02   0x08000a02   0x00000002   PAD
    0x08000a04   0x08000a04   0x00000020   Code   RO         1002    i.BMI088_read_write_byte  bmi088middleware.o
    0x08000a24   0x08000a24   0x0000002e   Code   RO          794    i.BMI088_temperature_read_over  bmi088driver.o
    0x08000a52   0x08000a52   0x00000012   Code   RO          795    i.BMI088_write_single_reg  bmi088driver.o
    0x08000a64   0x08000a64   0x00000002   Code   RO          596    i.BusFault_Handler  stm32f4xx_it.o
    0x08000a66   0x08000a66   0x00000002   PAD
    0x08000a68   0x08000a68   0x0000000c   Code   RO          597    i.CAN1_RX0_IRQHandler  stm32f4xx_it.o
    0x08000a74   0x08000a74   0x0000000c   Code   RO          598    i.CAN1_RX1_IRQHandler  stm32f4xx_it.o
    0x08000a80   0x08000a80   0x0000000c   Code   RO          599    i.CAN2_RX0_IRQHandler  stm32f4xx_it.o
    0x08000a8c   0x08000a8c   0x0000000c   Code   RO          600    i.CAN2_RX1_IRQHandler  stm32f4xx_it.o
    0x08000a98   0x08000a98   0x00000068   Code   RO         1248    i.CANFilter_Enable  bsp_can.o
    0x08000b00   0x08000b00   0x0000001a   Code   RO         1249    i.CAN_Enable        bsp_can.o
    0x08000b1a   0x08000b1a   0x00000002   PAD
    0x08000b1c   0x08000b1c   0x0000001c   Code   RO         1250    i.CAN_InitArgument  bsp_can.o
    0x08000b38   0x08000b38   0x0000000c   Code   RO          601    i.DMA2_Stream1_IRQHandler  stm32f4xx_it.o
    0x08000b44   0x08000b44   0x000002d4   Code   RO         6620    i.DMA2_Stream2_IRQHandler  ins_task.o
    0x08000e18   0x08000e18   0x0000000c   Code   RO          602    i.DMA2_Stream5_IRQHandler  stm32f4xx_it.o
    0x08000e24   0x08000e24   0x0000000c   Code   RO          603    i.DMA2_Stream6_IRQHandler  stm32f4xx_it.o
    0x08000e30   0x08000e30   0x0000000c   Code   RO          604    i.DMA2_Stream7_IRQHandler  stm32f4xx_it.o
    0x08000e3c   0x08000e3c   0x00000034   Code   RO         2281    i.DMA_CalcBaseAndBitshift  stm32f4xx_hal_dma.o
    0x08000e70   0x08000e70   0x0000007e   Code   RO         2282    i.DMA_CheckFifoParam  stm32f4xx_hal_dma.o
    0x08000eee   0x08000eee   0x00000038   Code   RO         2283    i.DMA_SetConfig     stm32f4xx_hal_dma.o
    0x08000f26   0x08000f26   0x00000002   Code   RO          605    i.DebugMon_Handler  stm32f4xx_it.o
    0x08000f28   0x08000f28   0x00000006   Code   RO          606    i.EXTI0_IRQHandler  stm32f4xx_it.o
    0x08000f2e   0x08000f2e   0x00000006   Code   RO          607    i.EXTI3_IRQHandler  stm32f4xx_it.o
    0x08000f34   0x08000f34   0x00000006   Code   RO          608    i.EXTI4_IRQHandler  stm32f4xx_it.o
    0x08000f3a   0x08000f3a   0x00000006   Code   RO          609    i.EXTI9_5_IRQHandler  stm32f4xx_it.o
    0x08000f40   0x08000f40   0x00000004   Code   RO           13    i.Error_Handler     main.o
    0x08000f44   0x08000f44   0x00000024   Code   RO         1544    i.HAL_CAN_ActivateNotification  stm32f4xx_hal_can.o
    0x08000f68   0x08000f68   0x00000128   Code   RO         1546    i.HAL_CAN_ConfigFilter  stm32f4xx_hal_can.o
    0x08001090   0x08001090   0x00000002   Code   RO         1549    i.HAL_CAN_ErrorCallback  stm32f4xx_hal_can.o
    0x08001092   0x08001092   0x0000016c   Code   RO         1552    i.HAL_CAN_GetRxMessage  stm32f4xx_hal_can.o
    0x080011fe   0x080011fe   0x00000234   Code   RO         1556    i.HAL_CAN_IRQHandler  stm32f4xx_hal_can.o
    0x08001432   0x08001432   0x00000168   Code   RO         1557    i.HAL_CAN_Init      stm32f4xx_hal_can.o
    0x0800159a   0x0800159a   0x00000002   PAD
    0x0800159c   0x0800159c   0x0000011c   Code   RO          344    i.HAL_CAN_MspInit   can.o
    0x080016b8   0x080016b8   0x00000002   Code   RO         1564    i.HAL_CAN_RxFifo0FullCallback  stm32f4xx_hal_can.o
    0x080016ba   0x080016ba   0x00000002   PAD
    0x080016bc   0x080016bc   0x000000a8   Code   RO         1254    i.HAL_CAN_RxFifo0MsgPendingCallback  bsp_can.o
    0x08001764   0x08001764   0x00000002   Code   RO         1566    i.HAL_CAN_RxFifo1FullCallback  stm32f4xx_hal_can.o
    0x08001766   0x08001766   0x00000002   Code   RO         1567    i.HAL_CAN_RxFifo1MsgPendingCallback  stm32f4xx_hal_can.o
    0x08001768   0x08001768   0x00000002   Code   RO         1568    i.HAL_CAN_SleepCallback  stm32f4xx_hal_can.o
    0x0800176a   0x0800176a   0x00000064   Code   RO         1569    i.HAL_CAN_Start     stm32f4xx_hal_can.o
    0x080017ce   0x080017ce   0x00000002   Code   RO         1571    i.HAL_CAN_TxMailbox0AbortCallback  stm32f4xx_hal_can.o
    0x080017d0   0x080017d0   0x00000002   Code   RO         1572    i.HAL_CAN_TxMailbox0CompleteCallback  stm32f4xx_hal_can.o
    0x080017d2   0x080017d2   0x00000002   Code   RO         1573    i.HAL_CAN_TxMailbox1AbortCallback  stm32f4xx_hal_can.o
    0x080017d4   0x080017d4   0x00000002   Code   RO         1574    i.HAL_CAN_TxMailbox1CompleteCallback  stm32f4xx_hal_can.o
    0x080017d6   0x080017d6   0x00000002   Code   RO         1575    i.HAL_CAN_TxMailbox2AbortCallback  stm32f4xx_hal_can.o
    0x080017d8   0x080017d8   0x00000002   Code   RO         1576    i.HAL_CAN_TxMailbox2CompleteCallback  stm32f4xx_hal_can.o
    0x080017da   0x080017da   0x00000002   Code   RO         1578    i.HAL_CAN_WakeUpFromRxMsgCallback  stm32f4xx_hal_can.o
    0x080017dc   0x080017dc   0x00000024   Code   RO         2285    i.HAL_DMA_Abort_IT  stm32f4xx_hal_dma.o
    0x08001800   0x08001800   0x000001ec   Code   RO         2289    i.HAL_DMA_IRQHandler  stm32f4xx_hal_dma.o
    0x080019ec   0x080019ec   0x000000ec   Code   RO         2290    i.HAL_DMA_Init      stm32f4xx_hal_dma.o
    0x08001ad8   0x08001ad8   0x00000070   Code   RO         2294    i.HAL_DMA_Start_IT  stm32f4xx_hal_dma.o
    0x08001b48   0x08001b48   0x00000028   Code   RO         2698    i.HAL_Delay         stm32f4xx_hal.o
    0x08001b70   0x08001b70   0x000000a0   Code   RO         6621    i.HAL_GPIO_EXTI_Callback  ins_task.o
    0x08001c10   0x08001c10   0x00000018   Code   RO         2176    i.HAL_GPIO_EXTI_IRQHandler  stm32f4xx_hal_gpio.o
    0x08001c28   0x08001c28   0x00000258   Code   RO         2177    i.HAL_GPIO_Init     stm32f4xx_hal_gpio.o
    0x08001e80   0x08001e80   0x0000000e   Code   RO         2181    i.HAL_GPIO_WritePin  stm32f4xx_hal_gpio.o
    0x08001e8e   0x08001e8e   0x00000002   PAD
    0x08001e90   0x08001e90   0x0000000c   Code   RO         2704    i.HAL_GetTick       stm32f4xx_hal.o
    0x08001e9c   0x08001e9c   0x000001ac   Code   RO         2960    i.HAL_I2C_Init      stm32f4xx_hal_i2c.o
    0x08002048   0x08002048   0x000002c0   Code   RO         2978    i.HAL_I2C_Mem_Read  stm32f4xx_hal_i2c.o
    0x08002308   0x08002308   0x00000174   Code   RO         2981    i.HAL_I2C_Mem_Write  stm32f4xx_hal_i2c.o
    0x0800247c   0x0800247c   0x00000094   Code   RO          417    i.HAL_I2C_MspInit   i2c.o
    0x08002510   0x08002510   0x00000010   Code   RO         2710    i.HAL_IncTick       stm32f4xx_hal.o
    0x08002520   0x08002520   0x00000034   Code   RO         2711    i.HAL_Init          stm32f4xx_hal.o
    0x08002554   0x08002554   0x00000044   Code   RO         2712    i.HAL_InitTick      stm32f4xx_hal.o
    0x08002598   0x08002598   0x00000038   Code   RO          747    i.HAL_MspInit       stm32f4xx_hal_msp.o
    0x080025d0   0x080025d0   0x0000001c   Code   RO         2566    i.HAL_NVIC_EnableIRQ  stm32f4xx_hal_cortex.o
    0x080025ec   0x080025ec   0x00000068   Code   RO         2572    i.HAL_NVIC_SetPriority  stm32f4xx_hal_cortex.o
    0x08002654   0x08002654   0x00000024   Code   RO         2573    i.HAL_NVIC_SetPriorityGrouping  stm32f4xx_hal_cortex.o
    0x08002678   0x08002678   0x0000017c   Code   RO         1778    i.HAL_RCC_ClockConfig  stm32f4xx_hal_rcc.o
    0x080027f4   0x080027f4   0x0000000c   Code   RO         1783    i.HAL_RCC_GetHCLKFreq  stm32f4xx_hal_rcc.o
    0x08002800   0x08002800   0x00000020   Code   RO         1785    i.HAL_RCC_GetPCLK1Freq  stm32f4xx_hal_rcc.o
    0x08002820   0x08002820   0x00000020   Code   RO         1786    i.HAL_RCC_GetPCLK2Freq  stm32f4xx_hal_rcc.o
    0x08002840   0x08002840   0x00000070   Code   RO         1787    i.HAL_RCC_GetSysClockFreq  stm32f4xx_hal_rcc.o
    0x080028b0   0x080028b0   0x00000476   Code   RO         1790    i.HAL_RCC_OscConfig  stm32f4xx_hal_rcc.o
    0x08002d26   0x08002d26   0x00000082   Code   RO         3450    i.HAL_SPI_Init      stm32f4xx_hal_spi.o
    0x08002da8   0x08002da8   0x00000100   Code   RO          459    i.HAL_SPI_MspInit   spi.o
    0x08002ea8   0x08002ea8   0x000001f8   Code   RO         3459    i.HAL_SPI_TransmitReceive  stm32f4xx_hal_spi.o
    0x080030a0   0x080030a0   0x00000028   Code   RO         2577    i.HAL_SYSTICK_Config  stm32f4xx_hal_cortex.o
    0x080030c8   0x080030c8   0x00000038   Code   RO         3763    i.HAL_TIM_Base_Init  stm32f4xx_hal_tim.o
    0x08003100   0x08003100   0x00000028   Code   RO          501    i.HAL_TIM_Base_MspInit  tim.o
    0x08003128   0x08003128   0x00000054   Code   RO          502    i.HAL_TIM_MspPostInit  tim.o
    0x0800317c   0x0800317c   0x000000dc   Code   RO         3830    i.HAL_TIM_PWM_ConfigChannel  stm32f4xx_hal_tim.o
    0x08003258   0x08003258   0x00000038   Code   RO         3833    i.HAL_TIM_PWM_Init  stm32f4xx_hal_tim.o
    0x08003290   0x08003290   0x00000002   Code   RO         3835    i.HAL_TIM_PWM_MspInit  stm32f4xx_hal_tim.o
    0x08003292   0x08003292   0x00000002   Code   RO         4721    i.HAL_UART_ErrorCallback  stm32f4xx_hal_uart.o
    0x08003294   0x08003294   0x00000144   Code   RO         4724    i.HAL_UART_IRQHandler  stm32f4xx_hal_uart.o
    0x080033d8   0x080033d8   0x00000064   Code   RO         4725    i.HAL_UART_Init     stm32f4xx_hal_uart.o
    0x0800343c   0x0800343c   0x000001c8   Code   RO          549    i.HAL_UART_MspInit  usart.o
    0x08003604   0x08003604   0x000000a4   Code   RO         4729    i.HAL_UART_Receive_DMA  stm32f4xx_hal_uart.o
    0x080036a8   0x080036a8   0x00000002   Code   RO         4731    i.HAL_UART_RxCpltCallback  stm32f4xx_hal_uart.o
    0x080036aa   0x080036aa   0x00000002   Code   RO         4732    i.HAL_UART_RxHalfCpltCallback  stm32f4xx_hal_uart.o
    0x080036ac   0x080036ac   0x000000e0   Code   RO         4733    i.HAL_UART_Transmit  stm32f4xx_hal_uart.o
    0x0800378c   0x0800378c   0x00000098   Code   RO         4734    i.HAL_UART_Transmit_DMA  stm32f4xx_hal_uart.o
    0x08003824   0x08003824   0x00000002   Code   RO         4736    i.HAL_UART_TxCpltCallback  stm32f4xx_hal_uart.o
    0x08003826   0x08003826   0x00000002   Code   RO         4737    i.HAL_UART_TxHalfCpltCallback  stm32f4xx_hal_uart.o
    0x08003828   0x08003828   0x00000002   Code   RO          610    i.HardFault_Handler  stm32f4xx_it.o
    0x0800382a   0x0800382a   0x00000032   Code   RO         3003    i.I2C_IsAcknowledgeFailed  stm32f4xx_hal_i2c.o
    0x0800385c   0x0800385c   0x00000154   Code   RO         3014    i.I2C_RequestMemoryRead  stm32f4xx_hal_i2c.o
    0x080039b0   0x080039b0   0x000000d0   Code   RO         3015    i.I2C_RequestMemoryWrite  stm32f4xx_hal_i2c.o
    0x08003a80   0x08003a80   0x0000005c   Code   RO         3023    i.I2C_WaitOnBTFFlagUntilTimeout  stm32f4xx_hal_i2c.o
    0x08003adc   0x08003adc   0x000000b4   Code   RO         3024    i.I2C_WaitOnFlagUntilTimeout  stm32f4xx_hal_i2c.o
    0x08003b90   0x08003b90   0x000000ce   Code   RO         3025    i.I2C_WaitOnMasterAddressFlagUntilTimeout  stm32f4xx_hal_i2c.o
    0x08003c5e   0x08003c5e   0x0000007c   Code   RO         3026    i.I2C_WaitOnRXNEFlagUntilTimeout  stm32f4xx_hal_i2c.o
    0x08003cda   0x08003cda   0x0000005c   Code   RO         3029    i.I2C_WaitOnTXEFlagUntilTimeout  stm32f4xx_hal_i2c.o
    0x08003d36   0x08003d36   0x00000002   PAD
    0x08003d38   0x08003d38   0x0000012c   Code   RO         6622    i.IMU_Get_Task03    ins_task.o
    0x08003e64   0x08003e64   0x00000044   Code   RO          345    i.MX_CAN1_Init      can.o
    0x08003ea8   0x08003ea8   0x00000044   Code   RO          346    i.MX_CAN2_Init      can.o
    0x08003eec   0x08003eec   0x0000007c   Code   RO          392    i.MX_DMA_Init       dma.o
    0x08003f68   0x08003f68   0x00000054   Code   RO          276    i.MX_FREERTOS_Init  freertos.o
    0x08003fbc   0x08003fbc   0x00000150   Code   RO          251    i.MX_GPIO_Init      gpio.o
    0x0800410c   0x0800410c   0x00000040   Code   RO          418    i.MX_I2C3_Init      i2c.o
    0x0800414c   0x0800414c   0x00000048   Code   RO          460    i.MX_SPI1_Init      spi.o
    0x08004194   0x08004194   0x00000064   Code   RO          503    i.MX_TIM10_Init     tim.o
    0x080041f8   0x080041f8   0x0000003c   Code   RO          550    i.MX_USART1_UART_Init  usart.o
    0x08004234   0x08004234   0x0000003c   Code   RO          551    i.MX_USART6_UART_Init  usart.o
    0x08004270   0x08004270   0x00000354   Code   RO         5105    i.MahonyAHRSupdate  mahonyahrs.o
    0x080045c4   0x080045c4   0x000001e4   Code   RO         5106    i.MahonyAHRSupdateIMU  mahonyahrs.o
    0x080047a8   0x080047a8   0x00000002   Code   RO          611    i.MemManage_Handler  stm32f4xx_it.o
    0x080047aa   0x080047aa   0x00000002   Code   RO          612    i.NMI_Handler       stm32f4xx_it.o
    0x080047ac   0x080047ac   0x00000128   Code   RO         5069    i.PID_calc          pid.o
    0x080048d4   0x080048d4   0x0000005c   Code   RO         5071    i.PID_init          pid.o
    0x08004930   0x08004930   0x00001274   Code   RO         1473    i.SPI1_DMA_enable   bsp_spi.o
    0x08005ba4   0x08005ba4   0x000000f0   Code   RO         1474    i.SPI1_DMA_init     bsp_spi.o
    0x08005c94   0x08005c94   0x00000064   Code   RO         3488    i.SPI_EndRxTxTransaction  stm32f4xx_hal_spi.o
    0x08005cf8   0x08005cf8   0x000000a6   Code   RO         3493    i.SPI_WaitFlagStateUntilTimeout  stm32f4xx_hal_spi.o
    0x08005d9e   0x08005d9e   0x00000008   Code   RO          277    i.StartDefaultTask  freertos.o
    0x08005da6   0x08005da6   0x00000018   Code   RO          613    i.SysTick_Handler   stm32f4xx_it.o
    0x08005dbe   0x08005dbe   0x00000002   PAD
    0x08005dc0   0x08005dc0   0x00000094   Code   RO           14    i.SystemClock_Config  main.o
    0x08005e54   0x08005e54   0x0000001c   Code   RO         5032    i.SystemInit        system_stm32f4xx.o
    0x08005e70   0x08005e70   0x000000cc   Code   RO         3851    i.TIM_Base_SetConfig  stm32f4xx_hal_tim.o
    0x08005f3c   0x08005f3c   0x00000070   Code   RO         3864    i.TIM_OC1_SetConfig  stm32f4xx_hal_tim.o
    0x08005fac   0x08005fac   0x00000078   Code   RO         3865    i.TIM_OC2_SetConfig  stm32f4xx_hal_tim.o
    0x08006024   0x08006024   0x00000078   Code   RO         3866    i.TIM_OC3_SetConfig  stm32f4xx_hal_tim.o
    0x0800609c   0x0800609c   0x00000058   Code   RO         3867    i.TIM_OC4_SetConfig  stm32f4xx_hal_tim.o
    0x080060f4   0x080060f4   0x00000010   Code   RO         4738    i.UART_DMAAbortOnError  stm32f4xx_hal_uart.o
    0x08006104   0x08006104   0x0000004a   Code   RO         4739    i.UART_DMAError     stm32f4xx_hal_uart.o
    0x0800614e   0x0800614e   0x0000003e   Code   RO         4740    i.UART_DMAReceiveCplt  stm32f4xx_hal_uart.o
    0x0800618c   0x0800618c   0x0000000a   Code   RO         4742    i.UART_DMARxHalfCplt  stm32f4xx_hal_uart.o
    0x08006196   0x08006196   0x00000030   Code   RO         4744    i.UART_DMATransmitCplt  stm32f4xx_hal_uart.o
    0x080061c6   0x080061c6   0x0000000a   Code   RO         4746    i.UART_DMATxHalfCplt  stm32f4xx_hal_uart.o
    0x080061d0   0x080061d0   0x0000001c   Code   RO         4748    i.UART_EndRxTransfer  stm32f4xx_hal_uart.o
    0x080061ec   0x080061ec   0x0000001a   Code   RO         4749    i.UART_EndTransmit_IT  stm32f4xx_hal_uart.o
    0x08006206   0x08006206   0x00000012   Code   RO         4750    i.UART_EndTxTransfer  stm32f4xx_hal_uart.o
    0x08006218   0x08006218   0x0000009c   Code   RO         4751    i.UART_Receive_IT   stm32f4xx_hal_uart.o
    0x080062b4   0x080062b4   0x0000019c   Code   RO         4752    i.UART_SetConfig    stm32f4xx_hal_uart.o
    0x08006450   0x08006450   0x00000066   Code   RO         4753    i.UART_Transmit_IT  stm32f4xx_hal_uart.o
    0x080064b6   0x080064b6   0x00000078   Code   RO         4754    i.UART_WaitOnFlagUntilTimeout  stm32f4xx_hal_uart.o
    0x0800652e   0x0800652e   0x00000002   PAD
    0x08006530   0x08006530   0x0000000c   Code   RO          614    i.USART1_IRQHandler  stm32f4xx_it.o
    0x0800653c   0x0800653c   0x0000000c   Code   RO          615    i.USART6_IRQHandler  stm32f4xx_it.o
    0x08006548   0x08006548   0x00000030   Code   RO         6594    i.UnitreeA1_Task    leg_task.o
    0x08006578   0x08006578   0x00000002   Code   RO          616    i.UsageFault_Handler  stm32f4xx_it.o
    0x0800657a   0x0800657a   0x00000026   Code   RO         6823    i.__ARM_fpclassifyf  m_wm.l(fpclassifyf.o)
    0x080065a0   0x080065a0   0x0000012c   Code   RO         6738    i.__hardfp_asinf    m_wm.l(asinf.o)
    0x080066cc   0x080066cc   0x00000250   Code   RO         6750    i.__hardfp_atan2f   m_wm.l(atan2f.o)
    0x0800691c   0x0800691c   0x0000007a   Code   RO         6762    i.__hardfp_sqrt     m_wm.l(sqrt.o)
    0x08006996   0x08006996   0x00000006   Code   RO         6826    i.__mathlib_flt_infnan  m_wm.l(funder.o)
    0x0800699c   0x0800699c   0x00000006   Code   RO         6827    i.__mathlib_flt_infnan2  m_wm.l(funder.o)
    0x080069a2   0x080069a2   0x00000002   PAD
    0x080069a4   0x080069a4   0x00000010   Code   RO         6828    i.__mathlib_flt_invalid  m_wm.l(funder.o)
    0x080069b4   0x080069b4   0x00000010   Code   RO         6831    i.__mathlib_flt_underflow  m_wm.l(funder.o)
    0x080069c4   0x080069c4   0x0000000e   Code   RO         6906    i.__scatterload_copy  mc_w.l(handlers.o)
    0x080069d2   0x080069d2   0x00000002   Code   RO         6907    i.__scatterload_null  mc_w.l(handlers.o)
    0x080069d4   0x080069d4   0x0000000e   Code   RO         6908    i.__scatterload_zeroinit  mc_w.l(handlers.o)
    0x080069e2   0x080069e2   0x00000002   PAD
    0x080069e4   0x080069e4   0x0000000c   Code   RO         6876    i.__set_errno       mc_w.l(errno.o)
    0x080069f0   0x080069f0   0x00000150   Code   RO          796    i.bmi088_accel_init  bmi088driver.o
    0x08006b40   0x08006b40   0x00000360   Code   RO          797    i.bmi088_accel_self_test  bmi088driver.o
    0x08006ea0   0x08006ea0   0x000000dc   Code   RO          798    i.bmi088_gyro_init  bmi088driver.o
    0x08006f7c   0x08006f7c   0x000000ca   Code   RO          799    i.bmi088_gyro_self_test  bmi088driver.o
    0x08007046   0x08007046   0x00000002   PAD
    0x08007048   0x08007048   0x0000003c   Code   RO         1205    i.crc32_core        unitreea1_cmd.o
    0x08007084   0x08007084   0x00000034   Code   RO         1334    i.delay_us          bsp_delay.o
    0x080070b8   0x080070b8   0x000000b0   Code   RO         6623    i.get_angle         ins_task.o
    0x08007168   0x08007168   0x00000110   Code   RO         6624    i.imu_cmd_spi_dma   ins_task.o
    0x08007278   0x08007278   0x0000000c   Code   RO         1445    i.imu_pwm_set       bsp_imu_pwm.o
    0x08007284   0x08007284   0x0000007c   Code   RO         6625    i.imu_temp_control  ins_task.o
    0x08007300   0x08007300   0x0000002c   Code   RO         5107    i.invSqrt           mahonyahrs.o
    0x0800732c   0x0800732c   0x00000002   Code   RO         1126    i.ist8310_GPIO_init  ist8310driver_middleware.o
    0x0800732e   0x0800732e   0x00000002   PAD
    0x08007330   0x08007330   0x0000001c   Code   RO         1127    i.ist8310_IIC_read_muli_reg  ist8310driver_middleware.o
    0x0800734c   0x0800734c   0x00000024   Code   RO         1128    i.ist8310_IIC_read_single_reg  ist8310driver_middleware.o
    0x08007370   0x08007370   0x00000024   Code   RO         1130    i.ist8310_IIC_write_single_reg  ist8310driver_middleware.o
    0x08007394   0x08007394   0x00000010   Code   RO         1131    i.ist8310_RST_H     ist8310driver_middleware.o
    0x080073a4   0x080073a4   0x00000010   Code   RO         1132    i.ist8310_RST_L     ist8310driver_middleware.o
    0x080073b4   0x080073b4   0x00000002   Code   RO         1133    i.ist8310_com_init  ist8310driver_middleware.o
    0x080073b6   0x080073b6   0x00000004   Code   RO         1134    i.ist8310_delay_ms  ist8310driver_middleware.o
    0x080073ba   0x080073ba   0x00000002   PAD
    0x080073bc   0x080073bc   0x00000080   Code   RO         1091    i.ist8310_init      ist8310driver.o
    0x0800743c   0x0800743c   0x00000054   Code   RO         1092    i.ist8310_read_mag  ist8310driver.o
    0x08007490   0x08007490   0x0000003a   Code   RO           15    i.main              main.o
    0x080074ca   0x080074ca   0x0000000c   Code   RO         6074    i.makeFreeRtosPriority  cmsis_os.o
    0x080074d6   0x080074d6   0x00000002   PAD
    0x080074d8   0x080074d8   0x00000048   Code   RO         1206    i.modfiy_cmd        unitreea1_cmd.o
    0x08007520   0x08007520   0x00000010   Code   RO         6076    i.osDelay           cmsis_os.o
    0x08007530   0x08007530   0x0000000a   Code   RO         6079    i.osKernelStart     cmsis_os.o
    0x0800753a   0x0800753a   0x0000005c   Code   RO         6113    i.osThreadCreate    cmsis_os.o
    0x08007596   0x08007596   0x00000002   PAD
    0x08007598   0x08007598   0x00000024   Code   RO         5711    i.pcTaskGetName     tasks.o
    0x080075bc   0x080075bc   0x00000080   Code   RO         5712    i.prvAddCurrentTaskToDelayedList  tasks.o
    0x0800763c   0x0800763c   0x00000088   Code   RO         5713    i.prvAddNewTaskToReadyList  tasks.o
    0x080076c4   0x080076c4   0x00000040   Code   RO         5714    i.prvCheckTasksWaitingTermination  tasks.o
    0x08007704   0x08007704   0x00000040   Code   RO         5715    i.prvDeleteTCB      tasks.o
    0x08007744   0x08007744   0x00000050   Code   RO         6453    i.prvHeapInit       heap_4.o
    0x08007794   0x08007794   0x00000028   Code   RO         5716    i.prvIdleTask       tasks.o
    0x080077bc   0x080077bc   0x00000098   Code   RO         5717    i.prvInitialiseNewTask  tasks.o
    0x08007854   0x08007854   0x00000060   Code   RO         5718    i.prvInitialiseTaskLists  tasks.o
    0x080078b4   0x080078b4   0x0000005c   Code   RO         6454    i.prvInsertBlockIntoFreeList  heap_4.o
    0x08007910   0x08007910   0x00000024   Code   RO         5719    i.prvResetNextTaskUnblockTime  tasks.o
    0x08007934   0x08007934   0x0000006e   Code   RO         5720    i.prvSearchForNameWithinSingleList  tasks.o
    0x080079a2   0x080079a2   0x00000002   PAD
    0x080079a4   0x080079a4   0x00000030   Code   RO         6515    i.prvTaskExitError  port.o
    0x080079d4   0x080079d4   0x000000e4   Code   RO         6455    i.pvPortMalloc      heap_4.o
    0x08007ab8   0x08007ab8   0x0000002c   Code   RO         6516    i.pxPortInitialiseStack  port.o
    0x08007ae4   0x08007ae4   0x0000003e   Code   RO         6841    i.sqrtf             m_wm.l(sqrtf.o)
    0x08007b22   0x08007b22   0x00000002   PAD
    0x08007b24   0x08007b24   0x00000068   Code   RO         5724    i.ulTaskNotifyTake  tasks.o
    0x08007b8c   0x08007b8c   0x00000348   Code   RO         1207    i.unitreeA1_rxtx    unitreea1_cmd.o
    0x08007ed4   0x08007ed4   0x00000026   Code   RO         5325    i.uxListRemove      list.o
    0x08007efa   0x08007efa   0x00000002   PAD
    0x08007efc   0x08007efc   0x00000014   Code   RO          279    i.vApplicationGetIdleTaskMemory  freertos.o
    0x08007f10   0x08007f10   0x00000016   Code   RO         5326    i.vListInitialise   list.o
    0x08007f26   0x08007f26   0x00000006   Code   RO         5327    i.vListInitialiseItem  list.o
    0x08007f2c   0x08007f2c   0x00000036   Code   RO         5328    i.vListInsert       list.o
    0x08007f62   0x08007f62   0x00000018   Code   RO         5329    i.vListInsertEnd    list.o
    0x08007f7a   0x08007f7a   0x00000002   PAD
    0x08007f7c   0x08007f7c   0x00000040   Code   RO         6518    i.vPortEnterCritical  port.o
    0x08007fbc   0x08007fbc   0x0000002c   Code   RO         6519    i.vPortExitCritical  port.o
    0x08007fe8   0x08007fe8   0x0000005c   Code   RO         6456    i.vPortFree         heap_4.o
    0x08008044   0x08008044   0x00000024   Code   RO         6520    i.vPortSetupTimerInterrupt  port.o
    0x08008068   0x08008068   0x00000054   Code   RO         6521    i.vPortValidateInterruptPriority  port.o
    0x080080bc   0x080080bc   0x00000050   Code   RO         5731    i.vTaskDelay        tasks.o
    0x0800810c   0x0800810c   0x000000bc   Code   RO         5737    i.vTaskNotifyGiveFromISR  tasks.o
    0x080081c8   0x080081c8   0x00000088   Code   RO         5745    i.vTaskStartScheduler  tasks.o
    0x08008250   0x08008250   0x00000010   Code   RO         5747    i.vTaskSuspendAll   tasks.o
    0x08008260   0x08008260   0x00000060   Code   RO         5748    i.vTaskSwitchContext  tasks.o
    0x080082c0   0x080082c0   0x00000104   Code   RO         6522    i.xPortStartScheduler  port.o
    0x080083c4   0x080083c4   0x0000002c   Code   RO         6523    i.xPortSysTickHandler  port.o
    0x080083f0   0x080083f0   0x0000006c   Code   RO         5751    i.xTaskCreate       tasks.o
    0x0800845c   0x0800845c   0x00000060   Code   RO         5752    i.xTaskCreateStatic  tasks.o
    0x080084bc   0x080084bc   0x0000008c   Code   RO         5756    i.xTaskGetHandle    tasks.o
    0x08008548   0x08008548   0x0000001c   Code   RO         5757    i.xTaskGetSchedulerState  tasks.o
    0x08008564   0x08008564   0x000000d0   Code   RO         5760    i.xTaskIncrementTick  tasks.o
    0x08008634   0x08008634   0x000000cc   Code   RO         5766    i.xTaskResumeAll    tasks.o
    0x08008700   0x08008700   0x00000054   Data   RO          281    .constdata          freertos.o
    0x08008754   0x08008754   0x00000012   Data   RO          804    .constdata          bmi088driver.o
    0x08008766   0x08008766   0x0000000c   Data   RO         1094    .constdata          ist8310driver.o
    0x08008772   0x08008772   0x00000008   Data   RO         2296    .constdata          stm32f4xx_hal_dma.o
    0x0800877a   0x0800877a   0x00000010   Data   RO         5033    .constdata          system_stm32f4xx.o
    0x0800878a   0x0800878a   0x00000008   Data   RO         5034    .constdata          system_stm32f4xx.o
    0x08008792   0x08008792   0x00000002   PAD
    0x08008794   0x08008794   0x0000000c   Data   RO         6627    .constdata          ins_task.o
    0x080087a0   0x080087a0   0x00000028   Data   RO          282    .conststring        freertos.o
    0x080087c8   0x080087c8   0x00000020   Data   RO         6904    Region$$Table       anon$$obj.o


    Execution Region RW_IRAM2 (Exec base: 0x10000000, Load base: 0x080088e8, Size: 0x00000000, Max: 0x00010000, ABSOLUTE)

    **** No section assigned to this execution region ****


    Execution Region RW_IRAM1 (Exec base: 0x20000000, Load base: 0x080087e8, Size: 0x0000d1e8, Max: 0x00020000, ABSOLUTE)

    Exec Addr    Load Addr    Size         Type   Attr      Idx    E Section Name        Object

    0x20000000   0x080087e8   0x0000000c   Data   RW          283    .data               freertos.o
    0x2000000c   0x080087f4   0x00000004   Data   RW          348    .data               can.o
    0x20000010   0x080087f8   0x0000002c   Data   RW          805    .data               bmi088driver.o
    0x2000003c   0x08008824   0x00000008   Data   RW         1335    .data               bsp_delay.o
    0x20000044   0x0800882c   0x0000000c   Data   RW         2718    .data               stm32f4xx_hal.o
    0x20000050   0x08008838   0x00000004   Data   RW         5035    .data               system_stm32f4xx.o
    0x20000054   0x0800883c   0x00000014   Data   RW         5108    .data               mahonyahrs.o
    0x20000068   0x08008850   0x0000003c   Data   RW         5769    .data               tasks.o
    0x200000a4   0x0800888c   0x00000018   Data   RW         6461    .data               heap_4.o
    0x200000bc   0x080088a4   0x0000000c   Data   RW         6524    .data               port.o
    0x200000c8   0x080088b0   0x00000031   Data   RW         6628    .data               ins_task.o
    0x200000f9   0x080088e1   0x00000003   PAD
    0x200000fc   0x080088e4   0x00000004   Data   RW         6877    .data               mc_w.l(errno.o)
    0x20000100        -       0x00000254   Zero   RW          280    .bss                freertos.o
    0x20000354        -       0x00000050   Zero   RW          347    .bss                can.o
    0x200003a4        -       0x00000054   Zero   RW          419    .bss                i2c.o
    0x200003f8        -       0x00000118   Zero   RW          461    .bss                spi.o
    0x20000510        -       0x00000040   Zero   RW          504    .bss                tim.o
    0x20000550        -       0x00000200   Zero   RW          552    .bss                usart.o
    0x20000750        -       0x00000010   Zero   RW          768    .bss                bmi088_rx.o
    0x20000760        -       0x00000010   Zero   RW          769    .bss                bmi088_rx.o
    0x20000770        -       0x00000010   Zero   RW          770    .bss                bmi088_rx.o
    0x20000780        -       0x00000010   Zero   RW          771    .bss                bmi088_rx.o
    0x20000790        -       0x000004c4   Zero   RW         1208    .bss                unitreea1_cmd.o
    0x20000c54        -       0x000000f0   Zero   RW         5768    .bss                tasks.o
    0x20000d44        -       0x0000c000   Zero   RW         6460    .bss                heap_4.o
    0x2000cd44        -       0x000000a4   Zero   RW         6626    .bss                ins_task.o
    0x2000cde8        -       0x00000400   Zero   RW            1    STACK               startup_stm32f407xx.o


==============================================================================

Image component sizes


      Code (inc. data)   RO Data    RW Data    ZI Data      Debug   Object Name

         0          0          0          0         64        696   bmi088_rx.o
      2358         32         18         44          0     598535   bmi088driver.o
       108         28          0          0          0       4484   bmi088middleware.o
       382         70          0          0          0       4556   bsp_can.o
        52          4          0          8          0       1387   bsp_delay.o
        12          4          0          0          0        482   bsp_imu_pwm.o
      4964         74          0          0          0       2378   bsp_spi.o
       420         42          0          4         80       2490   can.o
       130          0          0          0          0      22739   cmsis_os.o
       124          4          0          0          0        810   dma.o
         0          0          0          0          0      15460   event_groups.o
       112         14        124         12        596       2692   freertos.o
       336         26          0          0          0       1115   gpio.o
       492         32          0         24      49152       7463   heap_4.o
       212         32          0          0         84       1721   i2c.o
      1804        128         12         49        164      16079   ins_task.o
       212         10         12          0          0       2474   ist8310driver.o
       140         28          0          0          0       4887   ist8310driver_middleware.o
        48         12          0          0          0        525   leg_task.o
       144          0          0          0          0       3574   list.o
      1380         40          0         20          0       3697   mahonyahrs.o
       210          8          0          0          0     744412   main.o
       388          8          0          0          0       2486   pid.o
       814         92          0         12          0      11973   port.o
       328         34          0          0        280       1899   spi.o
        36          8        392          0       1024        832   startup_stm32f407xx.o
       188         30          0         12          0       9393   stm32f4xx_hal.o
      1744          6          0          0          0      13624   stm32f4xx_hal_can.o
       208         16          0          0          0      33655   stm32f4xx_hal_cortex.o
      1110         18          8          0          0       6618   stm32f4xx_hal_dma.o
       638         26          0          0          0       3163   stm32f4xx_hal_gpio.o
      2796         48          0          0          0      13602   stm32f4xx_hal_i2c.o
        56          4          0          0          0        862   stm32f4xx_hal_msp.o
      1710        104          0          0          0       6488   stm32f4xx_hal_rcc.o
       900          8          0          0          0       4617   stm32f4xx_hal_spi.o
       978         46          0          0          0       7194   stm32f4xx_hal_tim.o
      2056         46          0          0          0      17098   stm32f4xx_hal_uart.o
       180         60          0          0          0       9889   stm32f4xx_it.o
         0          0          0          0          0        384   stream_buffer.o
        28          8         24          4          0       1151   system_stm32f4xx.o
      2266        186          0         60        240      26279   tasks.o
       224         30          0          0         64       2266   tim.o
       972         66          0          0       1220       3934   unitreea1_cmd.o
       576         64          0          0        512       2867   usart.o

    ----------------------------------------------------------------------
     31878       1496        624        252      53480    1622930   Object Totals
         0          0         32          0          0          0   (incl. Generated)
        42          0          2          3          0          0   (incl. Padding)

    ----------------------------------------------------------------------

      Code (inc. data)   RO Data    RW Data    ZI Data      Debug   Library Member Name

       300         42          0          0          0        176   asinf.o
       592         90          0          0          0        184   atan2f.o
        38          0          0          0          0        116   fpclassifyf.o
        44         12          0          0          0        464   funder.o
       122          0          0          0          0        148   sqrt.o
        62          0          0          0          0        136   sqrtf.o
         0          0          0          0          0          0   entry.o
         0          0          0          0          0          0   entry10a.o
         0          0          0          0          0          0   entry11a.o
         8          4          0          0          0          0   entry2.o
         4          0          0          0          0          0   entry5.o
         0          0          0          0          0          0   entry7b.o
         0          0          0          0          0          0   entry8b.o
         8          4          0          0          0          0   entry9a.o
        12          6          0          4          0         68   errno.o
        30          0          0          0          0          0   handlers.o
        36          8          0          0          0         68   init.o
         0          0          0          0          0          0   iusefp.o
        30          0          0          0          0         68   llshl.o
        32          0          0          0          0         68   llushr.o
        36          0          0          0          0         68   memcpya.o
        36          0          0          0          0        108   memseta.o
        14          0          0          0          0         68   strlen.o
        98          0          0          0          0         92   uldiv.o
        56          0          0          0          0         88   d2f.o
       186          0          0          0          0        176   depilogue.o
       228          0          0          0          0         96   dmul.o
       162          0          0          0          0        100   dsqrt.o
        38          0          0          0          0         68   f2d.o
       110          0          0          0          0        168   fepilogue.o

    ----------------------------------------------------------------------
      2290        166          0          4          0       2528   Library Totals
         8          0          0          0          0          0   (incl. Padding)

    ----------------------------------------------------------------------

      Code (inc. data)   RO Data    RW Data    ZI Data      Debug   Library Name

      1158        144          0          0          0       1224   m_wm.l
       344         22          0          4          0        608   mc_w.l
       780          0          0          0          0        696   mf_w.l

    ----------------------------------------------------------------------
      2290        166          0          4          0       2528   Library Totals

    ----------------------------------------------------------------------

==============================================================================


      Code (inc. data)   RO Data    RW Data    ZI Data      Debug   

     34168       1662        624        256      53480    1602190   Grand Totals
     34168       1662        624        256      53480    1602190   ELF Image Totals
     34168       1662        624        256          0          0   ROM Totals

==============================================================================

    Total RO  Size (Code + RO Data)                34792 (  33.98kB)
    Total RW  Size (RW Data + ZI Data)             53736 (  52.48kB)
    Total ROM Size (Code + RO Data + RW Data)      35048 (  34.23kB)

==============================================================================

